Component: ARM Compiler 5.06 update 7 (build 960) Tool: armlink [4d3601]

==============================================================================

Section Cross References

    startup_stm32f411xe.o(STACK) refers (Special) to heapauxi.o(.text) for __use_two_region_memory
    startup_stm32f411xe.o(HEAP) refers (Special) to heapauxi.o(.text) for __use_two_region_memory
    startup_stm32f411xe.o(RESET) refers (Special) to heapauxi.o(.text) for __use_two_region_memory
    startup_stm32f411xe.o(RESET) refers to startup_stm32f411xe.o(STACK) for __initial_sp
    startup_stm32f411xe.o(RESET) refers to startup_stm32f411xe.o(.text) for Reset_Handler
    startup_stm32f411xe.o(RESET) refers to stm32f4xx_it.o(i.NMI_Handler) for NMI_Handler
    startup_stm32f411xe.o(RESET) refers to stm32f4xx_it.o(i.HardFault_Handler) for HardFault_Handler
    startup_stm32f411xe.o(RESET) refers to stm32f4xx_it.o(i.MemManage_Handler) for MemManage_Handler
    startup_stm32f411xe.o(RESET) refers to stm32f4xx_it.o(i.BusFault_Handler) for BusFault_Handler
    startup_stm32f411xe.o(RESET) refers to stm32f4xx_it.o(i.UsageFault_Handler) for UsageFault_Handler
    startup_stm32f411xe.o(RESET) refers to port.o(.emb_text) for SVC_Handler
    startup_stm32f411xe.o(RESET) refers to stm32f4xx_it.o(i.DebugMon_Handler) for DebugMon_Handler
    startup_stm32f411xe.o(RESET) refers to port.o(i.SysTick_Handler) for SysTick_Handler
    startup_stm32f411xe.o(RESET) refers to stm32f4xx_it.o(i.TIM2_IRQHandler) for TIM2_IRQHandler
    startup_stm32f411xe.o(RESET) refers to stm32f4xx_it.o(i.SPI2_IRQHandler) for SPI2_IRQHandler
    startup_stm32f411xe.o(RESET) refers to stm32f4xx_it.o(i.USART1_IRQHandler) for USART1_IRQHandler
    startup_stm32f411xe.o(RESET) refers to stm32f4xx_it.o(i.USART6_IRQHandler) for USART6_IRQHandler
    startup_stm32f411xe.o(.text) refers (Special) to heapauxi.o(.text) for __use_two_region_memory
    startup_stm32f411xe.o(.text) refers to system_stm32f4xx.o(i.SystemInit) for SystemInit
    startup_stm32f411xe.o(.text) refers to __main.o(!!!main) for __main
    startup_stm32f411xe.o(.text) refers to startup_stm32f411xe.o(HEAP) for Heap_Mem
    startup_stm32f411xe.o(.text) refers to startup_stm32f411xe.o(STACK) for Stack_Mem
    main.o(i.HAL_TIM_PeriodElapsedCallback) refers to stm32f4xx_hal.o(i.HAL_IncTick) for HAL_IncTick
    main.o(i.SystemClock_Config) refers to rt_memclr_w.o(.text) for __aeabi_memclr4
    main.o(i.SystemClock_Config) refers to stm32f4xx_hal_rcc.o(i.HAL_RCC_OscConfig) for HAL_RCC_OscConfig
    main.o(i.SystemClock_Config) refers to stm32f4xx_hal_rcc.o(i.HAL_RCC_ClockConfig) for HAL_RCC_ClockConfig
    main.o(i.main) refers to stm32f4xx_hal.o(i.HAL_Init) for HAL_Init
    main.o(i.main) refers to main.o(i.SystemClock_Config) for SystemClock_Config
    main.o(i.main) refers to gpio.o(i.MX_GPIO_Init) for MX_GPIO_Init
    main.o(i.main) refers to i2c.o(i.MX_I2C1_Init) for MX_I2C1_Init
    main.o(i.main) refers to iwdg.o(i.MX_IWDG_Init) for MX_IWDG_Init
    main.o(i.main) refers to rtc.o(i.MX_RTC_Init) for MX_RTC_Init
    main.o(i.main) refers to spi.o(i.MX_SPI2_Init) for MX_SPI2_Init
    main.o(i.main) refers to usart.o(i.MX_USART1_UART_Init) for MX_USART1_UART_Init
    main.o(i.main) refers to usart.o(i.MX_USART6_UART_Init) for MX_USART6_UART_Init
    main.o(i.main) refers to freertos.o(i.MX_FREERTOS_Init) for MX_FREERTOS_Init
    main.o(i.main) refers to cmsis_os.o(i.osKernelStart) for osKernelStart
    gpio.o(i.MX_GPIO_Init) refers to rt_memclr_w.o(.text) for __aeabi_memclr4
    gpio.o(i.MX_GPIO_Init) refers to stm32f4xx_hal_gpio.o(i.HAL_GPIO_WritePin) for HAL_GPIO_WritePin
    gpio.o(i.MX_GPIO_Init) refers to stm32f4xx_hal_gpio.o(i.HAL_GPIO_Init) for HAL_GPIO_Init
    freertos.o(i.Callback01) refers to freertos.o(.data) for .data
    freertos.o(i.MX_FREERTOS_Init) refers to cmsis_os.o(i.osSemaphoreCreate) for osSemaphoreCreate
    freertos.o(i.MX_FREERTOS_Init) refers to cmsis_os.o(i.osTimerCreate) for osTimerCreate
    freertos.o(i.MX_FREERTOS_Init) refers to cmsis_os.o(i.osMessageCreate) for osMessageCreate
    freertos.o(i.MX_FREERTOS_Init) refers to rt_memcpy_w.o(.text) for __aeabi_memcpy4
    freertos.o(i.MX_FREERTOS_Init) refers to cmsis_os.o(i.osThreadCreate) for osThreadCreate
    freertos.o(i.MX_FREERTOS_Init) refers to freertos.o(.data) for .data
    freertos.o(i.MX_FREERTOS_Init) refers to freertos.o(.constdata) for .constdata
    freertos.o(i.SentDataSensor) refers to _printf_percent.o(.ARM.Collect$$_printf_percent$$00000000) for _printf_percent
    freertos.o(i.SentDataSensor) refers to _printf_f.o(.ARM.Collect$$_printf_percent$$00000003) for _printf_f
    freertos.o(i.SentDataSensor) refers to printf1.o(x$fpl$printf1) for _printf_fp_dec
    freertos.o(i.SentDataSensor) refers to cjson.o(i.cJSON_CreateObject) for cJSON_CreateObject
    freertos.o(i.SentDataSensor) refers to cjson.o(i.cJSON_CreateString) for cJSON_CreateString
[...]
    _printf_percent                          0x0800020d   Thumb Code     0  _printf_percent.o(.ARM.Collect$$_printf_percent$$00000000)
    _printf_e                                0x08000213   Thumb Code     0  _printf_e.o(.ARM.Collect$$_printf_percent$$00000004)
    _printf_d                                0x08000219   Thumb Code     0  _printf_d.o(.ARM.Collect$$_printf_percent$$00000009)
    _printf_x                                0x0800021f   Thumb Code     0  _printf_x.o(.ARM.Collect$$_printf_percent$$0000000C)
    _printf_percent_end                      0x08000225   Thumb Code     0  _printf_percent_end.o(.ARM.Collect$$_printf_percent$$00000017)
    __rt_lib_init                            0x08000229   Thumb Code     0  libinit.o(.ARM.Collect$$libinit$$00000000)
    __rt_lib_init_fp_1                       0x0800022b   Thumb Code     0  libinit2.o(.ARM.Collect$$libinit$$00000001)
    __rt_lib_init_heap_2                     0x0800022f   Thumb Code     0  libinit2.o(.ARM.Collect$$libinit$$00000005)
    __rt_lib_init_preinit_1                  0x0800022f   Thumb Code     0  libinit2.o(.ARM.Collect$$libinit$$00000004)
    __rt_lib_init_heap_1                     0x08000237   Thumb Code     0  libinit2.o(.ARM.Collect$$libinit$$0000000A)
    __rt_lib_init_lc_common                  0x08000237   Thumb Code     0  libinit2.o(.ARM.Collect$$libinit$$0000000F)
    __rt_lib_init_rand_1                     0x08000237   Thumb Code     0  libinit2.o(.ARM.Collect$$libinit$$0000000E)
    __rt_lib_init_user_alloc_1               0x08000237   Thumb Code     0  libinit2.o(.ARM.Collect$$libinit$$0000000C)
    __rt_lib_init_lc_collate_1               0x0800023d   Thumb Code     0  libinit2.o(.ARM.Collect$$libinit$$00000011)
    __rt_lib_init_lc_ctype_1                 0x0800023d   Thumb Code     0  libinit2.o(.ARM.Collect$$libinit$$00000013)
    __rt_lib_init_lc_monetary_1              0x0800023d   Thumb Code     0  libinit2.o(.ARM.Collect$$libinit$$00000015)
    __rt_lib_init_lc_numeric_2               0x0800023d   Thumb Code     0  libinit2.o(.ARM.Collect$$libinit$$00000016)
    __rt_lib_init_alloca_1                   0x08000247   Thumb Code     0  libinit2.o(.ARM.Collect$$libinit$$0000002E)
    __rt_lib_init_argv_1                     0x08000247   Thumb Code     0  libinit2.o(.ARM.Collect$$libinit$$0000002C)
    __rt_lib_init_atexit_1                   0x08000247   Thumb Code     0  libinit2.o(.ARM.Collect$$libinit$$0000001B)
    __rt_lib_init_clock_1                    0x08000247   Thumb Code     0  libinit2.o(.ARM.Collect$$libinit$$00000021)
    __rt_lib_init_cpp_1                      0x08000247   Thumb Code     0  libinit2.o(.ARM.Collect$$libinit$$00000032)
    __rt_lib_init_exceptions_1               0x08000247   Thumb Code     0  libinit2.o(.ARM.Collect$$libinit$$00000030)
    __rt_lib_init_fp_trap_1                  0x08000247   Thumb Code     0  libinit2.o(.ARM.Collect$$libinit$$0000001F)
    __rt_lib_init_getenv_1                   0x08000247   Thumb Code     0  libinit2.o(.ARM.Collect$$libinit$$00000023)
    __rt_lib_init_lc_numeric_1               0x08000247   Thumb Code     0  libinit2.o(.ARM.Collect$$libinit$$00000017)
    __rt_lib_init_lc_time_1                  0x08000247   Thumb Code     0  libinit2.o(.ARM.Collect$$libinit$$00000019)
    __rt_lib_init_return                     0x08000247   Thumb Code     0  libinit2.o(.ARM.Collect$$libinit$$00000033)
    __rt_lib_init_signal_1                   0x08000247   Thumb Code     0  libinit2.o(.ARM.Collect$$libinit$$0000001D)
    __rt_lib_init_stdio_1                    0x08000247   Thumb Code     0  libinit2.o(.ARM.Collect$$libinit$$00000025)
    __rt_lib_shutdown                        0x08000249   Thumb Code     0  libshutdown.o(.ARM.Collect$$libshutdown$$00000000)
    __rt_lib_shutdown_cpp_1                  0x0800024b   Thumb Code     0  libshutdown2.o(.ARM.Collect$$libshutdown$$00000004)
    __rt_lib_shutdown_fini_1                 0x0800024b   Thumb Code     0  libshutdown2.o(.ARM.Collect$$libshutdown$$00000002)
    __rt_lib_shutdown_fp_trap_1              0x0800024b   Thumb Code     0  libshutdown2.o(.ARM.Collect$$libshutdown$$00000009)
    __rt_lib_shutdown_heap_1                 0x0800024b   Thumb Code     0  libshutdown2.o(.ARM.Collect$$libshutdown$$00000011)
    __rt_lib_shutdown_return                 0x0800024b   Thumb Code     0  libshutdown2.o(.ARM.Collect$$libshutdown$$00000012)
    __rt_lib_shutdown_signal_1               0x0800024b   Thumb Code     0  libshutdown2.o(.ARM.Collect$$libshutdown$$0000000C)
    __rt_lib_shutdown_stdio_1                0x0800024b   Thumb Code     0  libshutdown2.o(.ARM.Collect$$libshutdown$$00000006)
    __rt_lib_shutdown_user_alloc_1           0x0800024b   Thumb Code     0  libshutdown2.o(.ARM.Collect$$libshutdown$$0000000E)
    __rt_entry                               0x0800024d   Thumb Code     0  __rtentry.o(.ARM.Collect$$rtentry$$00000000)
    __rt_entry_presh_1                       0x0800024d   Thumb Code     0  __rtentry2.o(.ARM.Collect$$rtentry$$00000002)
    __rt_entry_sh                            0x0800024d   Thumb Code     0  __rtentry4.o(.ARM.Collect$$rtentry$$00000004)
    __rt_entry_li                            0x08000253   Thumb Code     0  __rtentry2.o(.ARM.Collect$$rtentry$$0000000A)
    __rt_entry_postsh_1                      0x08000253   Thumb Code     0  __rtentry2.o(.ARM.Collect$$rtentry$$00000009)
    __rt_entry_main                          0x08000257   Thumb Code     0  __rtentry2.o(.ARM.Collect$$rtentry$$0000000D)
    __rt_entry_postli_1                      0x08000257   Thumb Code     0  __rtentry2.o(.ARM.Collect$$rtentry$$0000000C)
    __rt_exit                                0x0800025f   Thumb Code     0  rtexit.o(.ARM.Collect$$rtexit$$00000000)
    __rt_exit_ls                             0x08000261   Thumb Code     0  rtexit2.o(.ARM.Collect$$rtexit$$00000003)
    __rt_exit_prels_1                        0x08000261   Thumb Code     0  rtexit2.o(.ARM.Collect$$rtexit$$00000002)
    __rt_exit_exit                           0x08000265   Thumb Code     0  rtexit2.o(.ARM.Collect$$rtexit$$00000004)
    SVC_Handler                              0x0800026d   Thumb Code    28  port.o(.emb_text)
    __asm___6_port_c_39a90d8d__prvStartFirstTask 0x0800028d   Thumb Code    36  port.o(.emb_text)
    __asm___6_port_c_39a90d8d__prvEnableVFP  0x080002b5   Thumb Code    16  port.o(.emb_text)
    PendSV_Handler                           0x080002c9   Thumb Code    88  port.o(.emb_text)
    vPortGetIPSR                             0x08000325   Thumb Code     6  port.o(.emb_text)
    Reset_Handler                            0x0800032d   Thumb Code     8  startup_stm32f411xe.o(.text)
    _maybe_terminate_alloc                   0x0800032d   Thumb Code     0  maybetermalloc1.o(.emb_text)
    ADC_IRQHandler                           0x08000347   Thumb Code     0  startup_stm32f411xe.o(.text)
    DMA1_Stream0_IRQHandler                  0x08000347   Thumb Code     0  startup_stm32f411xe.o(.text)
    DMA1_Stream1_IRQHandler                  0x08000347   Thumb Code     0  startup_stm32f411xe.o(.text)
    DMA1_Stream2_IRQHandler                  0x08000347   Thumb Code     0  startup_stm32f411xe.o(.text)
    DMA1_Stream3_IRQHandler                  0x08000347   Thumb Code     0  startup_stm32f411xe.o(.text)
    DMA1_Stream4_IRQHandler                  0x08000347   Thumb Code     0  startup_stm32f411xe.o(.text)
    DMA1_Stream5_IRQHandler                  0x08000347   Thumb Code     0  startup_stm32f411xe.o(.text)
    DMA1_Stream6_IRQHandler                  0x08000347   Thumb Code     0  startup_stm32f411xe.o(.text)
    DMA1_Stream7_IRQHandler                  0x08000347   Thumb Code     0  startup_stm32f411xe.o(.text)
    DMA2_Stream0_IRQHandler                  0x08000347   Thumb Code     0  startup_stm32f411xe.o(.text)
    DMA2_Stream1_IRQHandler                  0x08000347   Thumb Code     0  startup_stm32f411xe.o(.text)
    DMA2_Stream2_IRQHandler                  0x08000347   Thumb Code     0  startup_stm32f411xe.o(.text)
    DMA2_Stream3_IRQHandler                  0x08000347   Thumb Code     0  startup_stm32f411xe.o(.text)
    DMA2_Stream4_IRQHandler                  0x08000347   Thumb Code     0  startup_stm32f411xe.o(.text)
    DMA2_Stream5_IRQHandler                  0x08000347   Thumb Code     0  startup_stm32f411xe.o(.text)
    DMA2_Stream6_IRQHandler                  0x08000347   Thumb Code     0  startup_stm32f411xe.o(.text)
    DMA2_Stream7_IRQHandler                  0x08000347   Thumb Code     0  startup_stm32f411xe.o(.text)
    EXTI0_IRQHandler                         0x08000347   Thumb Code     0  startup_stm32f411xe.o(.text)
    EXTI15_10_IRQHandler                     0x08000347   Thumb Code     0  startup_stm32f411xe.o(.text)
    EXTI1_IRQHandler                         0x08000347   Thumb Code     0  startup_stm32f411xe.o(.text)
    EXTI2_IRQHandler                         0x08000347   Thumb Code     0  startup_stm32f411xe.o(.text)
    EXTI3_IRQHandler                         0x08000347   Thumb Code     0  startup_stm32f411xe.o(.text)
    EXTI4_IRQHandler                         0x08000347   Thumb Code     0  startup_stm32f411xe.o(.text)
    EXTI9_5_IRQHandler                       0x08000347   Thumb Code     0  startup_stm32f411xe.o(.text)
    FLASH_IRQHandler                         0x08000347   Thumb Code     0  startup_stm32f411xe.o(.text)
    FPU_IRQHandler                           0x08000347   Thumb Code     0  startup_stm32f411xe.o(.text)
    I2C1_ER_IRQHandler                       0x08000347   Thumb Code     0  startup_stm32f411xe.o(.text)
    I2C1_EV_IRQHandler                       0x08000347   Thumb Code     0  startup_stm32f411xe.o(.text)
    I2C2_ER_IRQHandler                       0x08000347   Thumb Code     0  startup_stm32f411xe.o(.text)
    I2C2_EV_IRQHandler                       0x08000347   Thumb Code     0  startup_stm32f411xe.o(.text)
    I2C3_ER_IRQHandler                       0x08000347   Thumb Code     0  startup_stm32f411xe.o(.text)
    I2C3_EV_IRQHandler                       0x08000347   Thumb Code     0  startup_stm32f411xe.o(.text)
    OTG_FS_IRQHandler                        0x08000347   Thumb Code     0  startup_stm32f411xe.o(.text)
    OTG_FS_WKUP_IRQHandler                   0x08000347   Thumb Code     0  startup_stm32f411xe.o(.text)
    PVD_IRQHandler                           0x08000347   Thumb Code     0  startup_stm32f411xe.o(.text)
    RCC_IRQHandler                           0x08000347   Thumb Code     0  startup_stm32f411xe.o(.text)
    RTC_Alarm_IRQHandler                     0x08000347   Thumb Code     0  startup_stm32f411xe.o(.text)
    RTC_WKUP_IRQHandler                      0x08000347   Thumb Code     0  startup_stm32f411xe.o(.text)
    SDIO_IRQHandler                          0x08000347   Thumb Code     0  startup_stm32f411xe.o(.text)
    SPI1_IRQHandler                          0x08000347   Thumb Code     0  startup_stm32f411xe.o(.text)
    SPI3_IRQHandler                          0x08000347   Thumb Code     0  startup_stm32f411xe.o(.text)
    SPI4_IRQHandler                          0x08000347   Thumb Code     0  startup_stm32f411xe.o(.text)
    SPI5_IRQHandler                          0x08000347   Thumb Code     0  startup_stm32f411xe.o(.text)
    TAMP_STAMP_IRQHandler                    0x08000347   Thumb Code     0  startup_stm32f411xe.o(.text)
    TIM1_BRK_TIM9_IRQHandler                 0x08000347   Thumb Code     0  startup_stm32f411xe.o(.text)
    TIM1_CC_IRQHandler                       0x08000347   Thumb Code     0  startup_stm32f411xe.o(.text)
    TIM1_TRG_COM_TIM11_IRQHandler            0x08000347   Thumb Code     0  startup_stm32f411xe.o(.text)
    TIM1_UP_TIM10_IRQHandler                 0x08000347   Thumb Code     0  startup_stm32f411xe.o(.text)
    TIM3_IRQHandler                          0x08000347   Thumb Code     0  startup_stm32f411xe.o(.text)
    TIM4_IRQHandler                          0x08000347   Thumb Code     0  startup_stm32f411xe.o(.text)
    TIM5_IRQHandler                          0x08000347   Thumb Code     0  startup_stm32f411xe.o(.text)
    USART2_IRQHandler                        0x08000347   Thumb Code     0  startup_stm32f411xe.o(.text)
    WWDG_IRQHandler                          0x08000347   Thumb Code     0  startup_stm32f411xe.o(.text)
    __user_initial_stackheap                 0x08000349   Thumb Code     0  startup_stm32f411xe.o(.text)
    malloc                                   0x0800036d   Thumb Code    94  h1_alloc.o(.text)
    free                                     0x080003cb   Thumb Code    78  h1_free.o(.text)
    __aeabi_uldivmod                         0x08000419   Thumb Code     0  lludivv7m.o(.text)
    _ll_udiv                                 0x08000419   Thumb Code   238  lludivv7m.o(.text)
    __2sprintf                               0x08000509   Thumb Code    34  noretval__2sprintf.o(.text)
    __2snprintf                              0x08000531   Thumb Code    48  noretval__2snprintf.o(.text)
    _printf_pre_padding                      0x08000565   Thumb Code    44  _printf_pad.o(.text)
    _printf_post_padding                     0x08000591   Thumb Code    34  _printf_pad.o(.text)
    _printf_int_dec                          0x080005b5   Thumb Code   104  _printf_dec.o(.text)
    _printf_int_hex                          0x0800062d   Thumb Code    84  _printf_hex_int.o(.text)
    _printf_longlong_hex                     0x0800062d   Thumb Code     0  _printf_hex_int.o(.text)
    __printf                                 0x08000685   Thumb Code   308  __printf_flags_wp.o(.text)
    strchr                                   0x080007bd   Thumb Code    20  strchr.o(.text)
    strcpy                                   0x080007d1   Thumb Code    72  strcpy.o(.text)
    strlen                                   0x08000819   Thumb Code    62  strlen.o(.text)
    __aeabi_memcpy                           0x08000857   Thumb Code     0  rt_memcpy_v6.o(.text)
    __rt_memcpy                              0x08000857   Thumb Code   138  rt_memcpy_v6.o(.text)
    _memcpy_lastbytes                        0x080008bd   Thumb Code     0  rt_memcpy_v6.o(.text)
    __aeabi_memcpy4                          0x080008e1   Thumb Code     0  rt_memcpy_w.o(.text)
    __aeabi_memcpy8                          0x080008e1   Thumb Code     0  rt_memcpy_w.o(.text)
    __rt_memcpy_w                            0x080008e1   Thumb Code   100  rt_memcpy_w.o(.text)
    _memcpy_lastbytes_aligned                0x08000929   Thumb Code     0  rt_memcpy_w.o(.text)
    __aeabi_memclr                           0x08000945   Thumb Code     0  rt_memclr.o(.text)
    __rt_memclr                              0x08000945   Thumb Code    68  rt_memclr.o(.text)
    _memset                                  0x08000949   Thumb Code     0  rt_memclr.o(.text)
    __aeabi_memclr4                          0x08000989   Thumb Code     0  rt_memclr_w.o(.text)
    __aeabi_memclr8                          0x08000989   Thumb Code     0  rt_memclr_w.o(.text)
    __rt_memclr_w                            0x08000989   Thumb Code    78  rt_memclr_w.o(.text)
    _memset_w                                0x0800098d   Thumb Code     0  rt_memclr_w.o(.text)
    __use_two_region_memory                  0x080009d7   Thumb Code     2  heapauxi.o(.text)
    __rt_heap_escrow                         0x080009d9   Thumb Code     2  heapauxi.o(.text)
    __rt_heap_expand                         0x080009db   Thumb Code     2  heapauxi.o(.text)
    __rt_heap_descriptor                     0x080009dd   Thumb Code     8  rt_heap_descriptor_intlibspace.o(.text)
    __use_no_heap                            0x080009e5   Thumb Code     2  hguard.o(.text)
    __heap$guard                             0x080009e7   Thumb Code     2  hguard.o(.text)
    _terminate_user_alloc                    0x080009e9   Thumb Code     2  init_alloc.o(.text)
    _init_user_alloc                         0x080009eb   Thumb Code     2  init_alloc.o(.text)
    __Heap_Full                              0x080009ed   Thumb Code    34  init_alloc.o(.text)
    __Heap_Broken                            0x08000a0f   Thumb Code     6  init_alloc.o(.text)
    _init_alloc                              0x08000a15   Thumb Code    94  init_alloc.o(.text)
    __Heap_Initialize                        0x08000a73   Thumb Code    10  h1_init.o(.text)
    __Heap_DescSize                          0x08000a7d   Thumb Code     4  h1_init.o(.text)
    _printf_int_common                       0x08000a81   Thumb Code   178  _printf_intcommon.o(.text)
    __lib_sel_fp_printf                      0x08000b33   Thumb Code     2  _printf_fp_dec.o(.text)
    _printf_fp_dec_real                      0x08000ce5   Thumb Code   620  _printf_fp_dec.o(.text)
    _printf_char_common                      0x08000f5b   Thumb Code    32  _printf_char_common.o(.text)
    _sputc                                   0x08000f81   Thumb Code    10  _sputc.o(.text)
    _snputc                                  0x08000f8b   Thumb Code    16  _snputc.o(.text)
    __user_libspace                          0x08000f9d   Thumb Code     8  libspace.o(.text)
    __user_perproc_libspace                  0x08000f9d   Thumb Code     0  libspace.o(.text)
    __user_perthread_libspace                0x08000f9d   Thumb Code     0  libspace.o(.text)
    __rt_locale                              0x08000fa5   Thumb Code     8  rt_locale_intlibspace.o(.text)
    __Heap_ProvideMemory                     0x08000fad   Thumb Code    52  h1_extend.o(.text)
    _ll_udiv10                               0x08000fe1   Thumb Code   138  lludiv10.o(.text)
    _printf_fp_infnan                        0x0800106d   Thumb Code   112  _printf_fp_infnan.o(.text)
    _btod_etento                             0x080010ed   Thumb Code   224  bigflt0.o(.text)
    __rt_SIGRTMEM                            0x080011d1   Thumb Code    14  defsig_rtmem_outer.o(.text)
    __I$use$semihosting                      0x080011df   Thumb Code     0  use_no_semi.o(.text)
    __use_no_semihosting_swi                 0x080011df   Thumb Code     2  use_no_semi.o(.text)
    __semihosting_library_function           0x080011e1   Thumb Code     0  indicate_semi.o(.text)
    __user_setup_stackheap                   0x080011e1   Thumb Code    74  sys_stackheap_outer.o(.text)
    exit                                     0x0800122b   Thumb Code    18  exit.o(.text)
    __sig_exit                               0x0800123d   Thumb Code    10  defsig_exit.o(.text)
    __rt_SIGRTMEM_inner                      0x08001249   Thumb Code    22  defsig_rtmem_inner.o(.text)
    strcmp                                   0x08001299   Thumb Code   128  strcmpv7m.o(.text)
    _sys_exit                                0x08001319   Thumb Code     8  sys_exit.o(.text)
    __default_signal_display                 0x08001325   Thumb Code    50  defsig_general.o(.text)
    _ttywrch                                 0x08001357   Thumb Code    14  sys_wrch.o(.text)
    _btod_d2e                                0x08001365   Thumb Code    62  btod.o(CL$$btod_d2e)
    _d2e_denorm_low                          0x080013a3   Thumb Code    70  btod.o(CL$$btod_d2e_denorm_low)
    _d2e_norm_op1                            0x080013e9   Thumb Code    96  btod.o(CL$$btod_d2e_norm_op1)
    __btod_div_common                        0x08001449   Thumb Code   696  btod.o(CL$$btod_div_common)
    _e2e                                     0x08001781   Thumb Code   220  btod.o(CL$$btod_e2e)
    _btod_ediv                               0x0800185d   Thumb Code    42  btod.o(CL$$btod_ediv)
    _btod_emul                               0x08001887   Thumb Code    42  btod.o(CL$$btod_emul)
    __btod_mult_common                       0x080018b1   Thumb Code   580  btod.o(CL$$btod_mult_common)
    BusFault_Handler                         0x08001af5   Thumb Code     2  stm32f4xx_it.o(i.BusFault_Handler)
    Callback01                               0x08001af9   Thumb Code    18  freertos.o(i.Callback01)
    DebugMon_Handler                         0x08001b11   Thumb Code     2  stm32f4xx_it.o(i.DebugMon_Handler)
    Error_Handler                            0x08001b13   Thumb Code     4  main.o(i.Error_Handler)
    HAL_DMA_Abort                            0x08001b17   Thumb Code   146  stm32f4xx_hal_dma.o(i.HAL_DMA_Abort)
    HAL_DMA_Abort_IT                         0x08001ba9   Thumb Code    36  stm32f4xx_hal_dma.o(i.HAL_DMA_Abort_IT)
    HAL_GPIO_Init                            0x08001bcd   Thumb Code   592  stm32f4xx_hal_gpio.o(i.HAL_GPIO_Init)
    HAL_GPIO_WritePin                        0x08001e7d   Thumb Code    46  stm32f4xx_hal_gpio.o(i.HAL_GPIO_WritePin)
    HAL_GetTick                              0x08001ee9   Thumb Code     6  stm32f4xx_hal.o(i.HAL_GetTick)
    HAL_I2C_Init                             0x08001ef5   Thumb Code   560  stm32f4xx_hal_i2c.o(i.HAL_I2C_Init)
    HAL_I2C_MspInit                          0x0800217d   Thumb Code    92  i2c.o(i.HAL_I2C_MspInit)
    HAL_IWDG_Init                            0x080021e5   Thumb Code   158  stm32f4xx_hal_iwdg.o(i.HAL_IWDG_Init)
    HAL_IWDG_Refresh                         0x080022c5   Thumb Code    12  stm32f4xx_hal_iwdg.o(i.HAL_IWDG_Refresh)
    HAL_IncTick                              0x080022d1   Thumb Code    12  stm32f4xx_hal.o(i.HAL_IncTick)
    HAL_Init                                 0x080022e1   Thumb Code    48  stm32f4xx_hal.o(i.HAL_Init)
    HAL_InitTick                             0x08002315   Thumb Code   134  stm32f4xx_hal_timebase_tim.o(i.HAL_InitTick)
    HAL_MspInit                              0x080023ad   Thumb Code    52  stm32f4xx_hal_msp.o(i.HAL_MspInit)
    HAL_NVIC_EnableIRQ                       0x080023e5   Thumb Code    40  stm32f4xx_hal_cortex.o(i.HAL_NVIC_EnableIRQ)
    HAL_NVIC_SetPriority                     0x08002449   Thumb Code    94  stm32f4xx_hal_cortex.o(i.HAL_NVIC_SetPriority)
    HAL_NVIC_SetPriorityGrouping             0x080024e9   Thumb Code    58  stm32f4xx_hal_cortex.o(i.HAL_NVIC_SetPriorityGrouping)
    HAL_RCCEx_PeriphCLKConfig                0x08002569   Thumb Code   598  stm32f4xx_hal_rcc_ex.o(i.HAL_RCCEx_PeriphCLKConfig)
    HAL_RCC_ClockConfig                      0x0800288d   Thumb Code   512  stm32f4xx_hal_rcc.o(i.HAL_RCC_ClockConfig)
    HAL_RCC_GetClockConfig                   0x08002ad9   Thumb Code    54  stm32f4xx_hal_rcc.o(i.HAL_RCC_GetClockConfig)
    HAL_RCC_GetPCLK1Freq                     0x08002b19   Thumb Code    20  stm32f4xx_hal_rcc.o(i.HAL_RCC_GetPCLK1Freq)
    HAL_RCC_GetPCLK2Freq                     0x08002b39   Thumb Code    20  stm32f4xx_hal_rcc.o(i.HAL_RCC_GetPCLK2Freq)
    HAL_RCC_GetSysClockFreq                  0x08002b59   Thumb Code    88  stm32f4xx_hal_rcc.o(i.HAL_RCC_GetSysClockFreq)
    HAL_RCC_OscConfig                        0x08002bbd   Thumb Code  1192  stm32f4xx_hal_rcc.o(i.HAL_RCC_OscConfig)
    HAL_RTC_Init                             0x08003065   Thumb Code   292  stm32f4xx_hal_rtc.o(i.HAL_RTC_Init)
    HAL_RTC_MspInit                          0x080031c9   Thumb Code    52  rtc.o(i.HAL_RTC_MspInit)
    HAL_RTC_SetDate                          0x08003205   Thumb Code   342  stm32f4xx_hal_rtc.o(i.HAL_RTC_SetDate)
    HAL_RTC_SetTime                          0x08003399   Thumb Code   432  stm32f4xx_hal_rtc.o(i.HAL_RTC_SetTime)
    HAL_RTC_WaitForSynchro                   0x08003585   Thumb Code    50  stm32f4xx_hal_rtc.o(i.HAL_RTC_WaitForSynchro)
    HAL_SPI_ErrorCallback                    0x080035bd   Thumb Code     2  stm32f4xx_hal_spi.o(i.HAL_SPI_ErrorCallback)
    HAL_SPI_IRQHandler                       0x080035c1   Thumb Code   246  stm32f4xx_hal_spi.o(i.HAL_SPI_IRQHandler)
    HAL_SPI_Init                             0x080036bd   Thumb Code   530  stm32f4xx_hal_spi.o(i.HAL_SPI_Init)
    HAL_SPI_MspInit                          0x0800391d   Thumb Code   110  spi.o(i.HAL_SPI_MspInit)
    HAL_TIMEx_BreakCallback                  0x08003999   Thumb Code     2  stm32f4xx_hal_tim_ex.o(i.HAL_TIMEx_BreakCallback)
    HAL_TIMEx_CommutCallback                 0x0800399b   Thumb Code     2  stm32f4xx_hal_tim_ex.o(i.HAL_TIMEx_CommutCallback)
    HAL_TIM_Base_Init                        0x0800399d   Thumb Code   260  stm32f4xx_hal_tim.o(i.HAL_TIM_Base_Init)
    HAL_TIM_Base_MspInit                     0x08003af5   Thumb Code     2  stm32f4xx_hal_tim.o(i.HAL_TIM_Base_MspInit)
    HAL_TIM_Base_Start_IT                    0x08003af9   Thumb Code   150  stm32f4xx_hal_tim.o(i.HAL_TIM_Base_Start_IT)
    HAL_TIM_IC_CaptureCallback               0x08003be5   Thumb Code     2  stm32f4xx_hal_tim.o(i.HAL_TIM_IC_CaptureCallback)
    HAL_TIM_IRQHandler                       0x08003be7   Thumb Code   304  stm32f4xx_hal_tim.o(i.HAL_TIM_IRQHandler)
    HAL_TIM_OC_DelayElapsedCallback          0x08003d17   Thumb Code     2  stm32f4xx_hal_tim.o(i.HAL_TIM_OC_DelayElapsedCallback)
    HAL_TIM_PWM_PulseFinishedCallback        0x08003d19   Thumb Code     2  stm32f4xx_hal_tim.o(i.HAL_TIM_PWM_PulseFinishedCallback)
    HAL_TIM_PeriodElapsedCallback            0x08003d1b   Thumb Code    14  main.o(i.HAL_TIM_PeriodElapsedCallback)
    HAL_TIM_TriggerCallback                  0x08003d29   Thumb Code     2  stm32f4xx_hal_tim.o(i.HAL_TIM_TriggerCallback)
    HAL_UARTEx_RxEventCallback               0x08003d2b   Thumb Code     2  stm32f4xx_hal_uart.o(i.HAL_UARTEx_RxEventCallback)
    HAL_UART_ErrorCallback                   0x08003d2d   Thumb Code     2  stm32f4xx_hal_uart.o(i.HAL_UART_ErrorCallback)
    HAL_UART_IRQHandler                      0x08003d31   Thumb Code   618  stm32f4xx_hal_uart.o(i.HAL_UART_IRQHandler)
    HAL_UART_Init                            0x08003fa1   Thumb Code   226  stm32f4xx_hal_uart.o(i.HAL_UART_Init)
    HAL_UART_MspInit                         0x080040cd   Thumb Code   178  usart.o(i.HAL_UART_MspInit)
    HAL_UART_Receive_IT                      0x08004191   Thumb Code    28  stm32f4xx_hal_uart.o(i.HAL_UART_Receive_IT)
    HAL_UART_RxCpltCallback                  0x080041ad   Thumb Code   252  uart.o(i.HAL_UART_RxCpltCallback)
    HAL_UART_Transmit_IT                     0x080042c9   Thumb Code    50  stm32f4xx_hal_uart.o(i.HAL_UART_Transmit_IT)
    HAL_UART_TxCpltCallback                  0x080042fb   Thumb Code     2  stm32f4xx_hal_uart.o(i.HAL_UART_TxCpltCallback)
    HardFault_Handler                        0x080042fd   Thumb Code     2  stm32f4xx_it.o(i.HardFault_Handler)
    MX_FREERTOS_Init                         0x08004301   Thumb Code   136  freertos.o(i.MX_FREERTOS_Init)
    MX_GPIO_Init                             0x08004391   Thumb Code   172  gpio.o(i.MX_GPIO_Init)
    MX_I2C1_Init                             0x0800444d   Thumb Code    50  i2c.o(i.MX_I2C1_Init)
    MX_IWDG_Init                             0x0800448d   Thumb Code    36  iwdg.o(i.MX_IWDG_Init)
    MX_RTC_Init                              0x080044b9   Thumb Code   120  rtc.o(i.MX_RTC_Init)
    MX_SPI2_Init                             0x08004539   Thumb Code    60  spi.o(i.MX_SPI2_Init)
    MX_USART1_UART_Init                      0x0800457d   Thumb Code    48  usart.o(i.MX_USART1_UART_Init)
    MX_USART6_UART_Init                      0x080045b5   Thumb Code    48  usart.o(i.MX_USART6_UART_Init)
    MemManage_Handler                        0x080045ed   Thumb Code     2  stm32f4xx_it.o(i.MemManage_Handler)
    NMI_Handler                              0x080045ef   Thumb Code     2  stm32f4xx_it.o(i.NMI_Handler)
    ParseDO                                  0x080045f1   Thumb Code    22  uart.o(i.ParseDO)
    ParseORP                                 0x08004607   Thumb Code    14  uart.o(i.ParseORP)
    ParsePH                                  0x08004615   Thumb Code    22  uart.o(i.ParsePH)
    RTC_Bcd2ToByte                           0x08004631   Thumb Code    18  stm32f4xx_hal_rtc.o(i.RTC_Bcd2ToByte)
    RTC_ByteToBcd2                           0x08004643   Thumb Code    22  stm32f4xx_hal_rtc.o(i.RTC_ByteToBcd2)
    RTC_EnterInitMode                        0x08004659   Thumb Code    72  stm32f4xx_hal_rtc.o(i.RTC_EnterInitMode)
    RTC_ExitInitMode                         0x080046a1   Thumb Code    42  stm32f4xx_hal_rtc.o(i.RTC_ExitInitMode)
    SPI2_IRQHandler                          0x080046cd   Thumb Code     6  stm32f4xx_it.o(i.SPI2_IRQHandler)
    SentDataSensor                           0x080046e9   Thumb Code   318  freertos.o(i.SentDataSensor)
    StartDefaultTask                         0x080048a1   Thumb Code    38  freertos.o(i.StartDefaultTask)
    StartTask02                              0x080048dd   Thumb Code    28  freertos.o(i.StartTask02)
    StartTask03                              0x080048fd   Thumb Code    14  freertos.o(i.StartTask03)
    SysTick_Handler                          0x08004911   Thumb Code    38  port.o(i.SysTick_Handler)
    SystemClock_Config                       0x0800493d   Thumb Code   140  main.o(i.SystemClock_Config)
    SystemInit                               0x080049d1   Thumb Code    12  system_stm32f4xx.o(i.SystemInit)
    TIM2_IRQHandler                          0x080049e1   Thumb Code     6  stm32f4xx_it.o(i.TIM2_IRQHandler)
    TIM_Base_SetConfig                       0x080049ed   Thumb Code   136  stm32f4xx_hal_tim.o(i.TIM_Base_SetConfig)
    UART_SEND1                               0x08004bb1   Thumb Code    44  uart.o(i.UART_SEND1)
    UART_SEND6                               0x08004be1   Thumb Code    30  uart.o(i.UART_SEND6)
    UART_Start_Receive_IT                    0x08004da5   Thumb Code    54  stm32f4xx_hal_uart.o(i.UART_Start_Receive_IT)
    USART1_IRQHandler                        0x08004ddd   Thumb Code     6  stm32f4xx_it.o(i.USART1_IRQHandler)
    USART6_IRQHandler                        0x08004de9   Thumb Code     6  stm32f4xx_it.o(i.USART6_IRQHandler)
    UsageFault_Handler                       0x08004df5   Thumb Code     2  stm32f4xx_it.o(i.UsageFault_Handler)
    __ARM_fpclassify                         0x08004df7   Thumb Code    48  fpclassify.o(i.__ARM_fpclassify)
    __hardfp_fabs                            0x08004e47   Thumb Code    20  fabs.o(i.__hardfp_fabs)
    __hardfp_floor                           0x08004e61   Thumb Code   252  floor.o(i.__hardfp_floor)
    _is_digit                                0x08004f79   Thumb Code    14  __printf_wp.o(i._is_digit)
    assert_failed                            0x08004f87   Thumb Code     2  main.o(i.assert_failed)
    cJSON_AddItemToArray                     0x08004f89   Thumb Code    28  cjson.o(i.cJSON_AddItemToArray)
    cJSON_AddItemToObject                    0x08004fa5   Thumb Code    42  cjson.o(i.cJSON_AddItemToObject)
    cJSON_CreateObject                       0x08004fd5   Thumb Code    16  cjson.o(i.cJSON_CreateObject)
    cJSON_CreateString                       0x08004fe5   Thumb Code    28  cjson.o(i.cJSON_CreateString)
    cJSON_Delete                             0x08005001   Thumb Code    66  cjson.o(i.cJSON_Delete)
    cJSON_Print                              0x08005065   Thumb Code    10  cjson.o(i.cJSON_Print)
    crc16                                    0x08005099   Thumb Code    50  uart.o(i.crc16)
    main                                     0x0800513d   Thumb Code    46  main.o(i.main)
    osDelay                                  0x08005177   Thumb Code    14  cmsis_os.o(i.osDelay)
    osKernelStart                            0x08005185   Thumb Code    10  cmsis_os.o(i.osKernelStart)
    osMessageCreate                          0x0800518f   Thumb Code    38  cmsis_os.o(i.osMessageCreate)
    osSemaphoreCreate                        0x080051b5   Thumb Code    62  cmsis_os.o(i.osSemaphoreCreate)
    osThreadCreate                           0x080051f3   Thumb Code    84  cmsis_os.o(i.osThreadCreate)
    osTimerCreate                            0x08005249   Thumb Code    60  cmsis_os.o(i.osTimerCreate)
    pvPortMalloc                             0x08006391   Thumb Code   216  heap_4.o(i.pvPortMalloc)
    pxPortInitialiseStack                    0x0800646d   Thumb Code    40  port.o(i.pxPortInitialiseStack)
    uxListRemove                             0x080064b5   Thumb Code    38  list.o(i.uxListRemove)
    vApplicationGetIdleTaskMemory            0x080064dd   Thumb Code    16  freertos.o(i.vApplicationGetIdleTaskMemory)
    vApplicationGetTimerTaskMemory           0x080064f1   Thumb Code    18  freertos.o(i.vApplicationGetTimerTaskMemory)
    vListInitialise                          0x08006509   Thumb Code    22  list.o(i.vListInitialise)
    vListInitialiseItem                      0x0800651f   Thumb Code     6  list.o(i.vListInitialiseItem)
    vListInsert                              0x08006525   Thumb Code    48  list.o(i.vListInsert)
    vListInsertEnd                           0x08006555   Thumb Code    24  list.o(i.vListInsertEnd)
    vPortEnterCritical                       0x0800656d   Thumb Code    54  port.o(i.vPortEnterCritical)
    vPortExitCritical                        0x080065ad   Thumb Code    34  port.o(i.vPortExitCritical)
    vPortFree                                0x080065d5   Thumb Code    94  heap_4.o(i.vPortFree)
    vPortSetupTimerInterrupt                 0x08006639   Thumb Code    32  port.o(i.vPortSetupTimerInterrupt)
    vPortValidateInterruptPriority           0x0800665d   Thumb Code    74  port.o(i.vPortValidateInterruptPriority)
    vQueueAddToRegistry                      0x080066b1   Thumb Code    34  queue.o(i.vQueueAddToRegistry)
    vQueueWaitForMessageRestricted           0x080066d9   Thumb Code    68  queue.o(i.vQueueWaitForMessageRestricted)
    vTaskDelay                               0x0800671d   Thumb Code    66  tasks.o(i.vTaskDelay)
    vTaskInternalSetTimeOutState             0x08006769   Thumb Code    12  tasks.o(i.vTaskInternalSetTimeOutState)
    vTaskMissedYield                         0x08006779   Thumb Code     8  tasks.o(i.vTaskMissedYield)
    vTaskPlaceOnEventList                    0x08006785   Thumb Code    44  tasks.o(i.vTaskPlaceOnEventList)
    vTaskPlaceOnEventListRestricted          0x080067b5   Thumb Code    52  tasks.o(i.vTaskPlaceOnEventListRestricted)
    vTaskStartScheduler                      0x080067ed   Thumb Code   118  tasks.o(i.vTaskStartScheduler)
    vTaskSuspendAll                          0x08006875   Thumb Code    10  tasks.o(i.vTaskSuspendAll)
    vTaskSwitchContext                       0x08006885   Thumb Code    82  tasks.o(i.vTaskSwitchContext)
    xPortStartScheduler                      0x080068e1   Thumb Code   222  port.o(i.xPortStartScheduler)
    xQueueGenericCreate                      0x080069d5   Thumb Code    66  queue.o(i.xQueueGenericCreate)
    xQueueGenericCreateStatic                0x08006a17   Thumb Code   102  queue.o(i.xQueueGenericCreateStatic)
    xQueueGenericReset                       0x08006a7d   Thumb Code   132  queue.o(i.xQueueGenericReset)
    xQueueGenericSend                        0x08006b05   Thumb Code   346  queue.o(i.xQueueGenericSend)
    xQueueGenericSendFromISR                 0x08006c65   Thumb Code   190  queue.o(i.xQueueGenericSendFromISR)
    xQueueReceive                            0x08006d25   Thumb Code   308  queue.o(i.xQueueReceive)
    xTaskCheckForTimeOut                     0x08006e5d   Thumb Code   112  tasks.o(i.xTaskCheckForTimeOut)
    xTaskCreate                              0x08006ed1   Thumb Code    90  tasks.o(i.xTaskCreate)
    xTaskCreateStatic                        0x08006f2b   Thumb Code    86  tasks.o(i.xTaskCreateStatic)
    xTaskGetSchedulerState                   0x08006f81   Thumb Code    22  tasks.o(i.xTaskGetSchedulerState)
    xTaskGetTickCount                        0x08006f9d   Thumb Code     6  tasks.o(i.xTaskGetTickCount)
    xTaskIncrementTick                       0x08006fa9   Thumb Code   194  tasks.o(i.xTaskIncrementTick)
    xTaskPriorityDisinherit                  0x08007075   Thumb Code   144  tasks.o(i.xTaskPriorityDisinherit)
    xTaskRemoveFromEventList                 0x0800710d   Thumb Code   108  tasks.o(i.xTaskRemoveFromEventList)
    xTaskResumeAll                           0x08007181   Thumb Code   182  tasks.o(i.xTaskResumeAll)
    xTimerCreate                             0x08007245   Thumb Code    52  timers.o(i.xTimerCreate)
    xTimerCreateStatic                       0x08007279   Thumb Code    46  timers.o(i.xTimerCreateStatic)
    xTimerCreateTimerTask                    0x080072a9   Thumb Code    78  timers.o(i.xTimerCreateTimerTask)
    xTimerGenericCommand                     0x08007309   Thumb Code    92  timers.o(i.xTimerGenericCommand)
    _get_lc_numeric                          0x08007369   Thumb Code    44  lc_numeric_c.o(locale$$code)
    __aeabi_dadd                             0x08007395   Thumb Code     0  daddsub_clz.o(x$fpl$dadd)
    _dadd                                    0x08007395   Thumb Code   332  daddsub_clz.o(x$fpl$dadd)
    __fpl_dcmp_Inf                           0x080074e5   Thumb Code    24  dcmpi.o(x$fpl$dcmpinf)
    __aeabi_cdcmpeq                          0x080074fd   Thumb Code     0  deqf.o(x$fpl$deqf)
    _dcmpeq                                  0x080074fd   Thumb Code   120  deqf.o(x$fpl$deqf)
    __aeabi_i2d                              0x08007575   Thumb Code     0  dflt_clz.o(x$fpl$dflt)
    _dflt                                    0x08007575   Thumb Code    46  dflt_clz.o(x$fpl$dflt)
    __aeabi_cdcmple                          0x080075a5   Thumb Code     0  dleqf.o(x$fpl$dleqf)
    _dcmple                                  0x080075a5   Thumb Code   120  dleqf.o(x$fpl$dleqf)
    __fpl_dcmple_InfNaN                      0x08007607   Thumb Code     0  dleqf.o(x$fpl$dleqf)
    __fpl_dnaninf                            0x0800761d   Thumb Code   156  dnaninf.o(x$fpl$dnaninf)
    __fpl_dretinf                            0x080076b9   Thumb Code    12  dretinf.o(x$fpl$dretinf)
    __aeabi_cdrcmple                         0x080076c5   Thumb Code     0  drleqf.o(x$fpl$drleqf)
    _drcmple                                 0x080076c5   Thumb Code   108  drleqf.o(x$fpl$drleqf)
    __aeabi_drsub                            0x08007731   Thumb Code     0  daddsub_clz.o(x$fpl$drsb)
    _drsb                                    0x08007731   Thumb Code    22  daddsub_clz.o(x$fpl$drsb)
    __aeabi_dsub                             0x08007749   Thumb Code     0  daddsub_clz.o(x$fpl$dsub)
    _dsub                                    0x08007749   Thumb Code   464  daddsub_clz.o(x$fpl$dsub)
    __aeabi_f2d                              0x0800791d   Thumb Code     0  f2d.o(x$fpl$f2d)
    _f2d                                     0x0800791d   Thumb Code    86  f2d.o(x$fpl$f2d)
    __fpl_fnaninf                            0x08007973   Thumb Code   140  fnaninf.o(x$fpl$fnaninf)
    _fp_init                                 0x080079ff   Thumb Code    10  fpinit.o(x$fpl$fpinit)
    __fplib_config_fpu_vfp                   0x08007a07   Thumb Code     0  fpinit.o(x$fpl$fpinit)
    __fplib_config_pureend_doubles           0x08007a07   Thumb Code     0  fpinit.o(x$fpl$fpinit)
    _printf_fp_dec                           0x08007a09   Thumb Code     4  printf1.o(x$fpl$printf1)
    __I$use$fp                               0x08007a0c   Number         0  usenofp.o(x$fpl$usenofp)
    AHBPrescTable                            0x08007a78   Data          16  system_stm32f4xx.o(.constdata)
    APBPrescTable                            0x08007a88   Data           8  system_stm32f4xx.o(.constdata)
    Region$$Table$$Base                      0x08007b84   Number         0  anon$$obj.o(Region$$Table)
    Region$$Table$$Limit                     0x08007ba4   Number         0  anon$$obj.o(Region$$Table)
    TimeCount                                0x20000000   Data           4  freertos.o(.data)
    SentDataTask                             0x20000004   Data           4  freertos.o(.data)
    defaultTaskHandle                        0x20000008   Data           4  freertos.o(.data)
    myTask02Handle                           0x2000000c   Data           4  freertos.o(.data)
    myTask03Handle                           0x20000010   Data           4  freertos.o(.data)
    myQueue01Handle                          0x20000014   Data           4  freertos.o(.data)
    myTimer01Handle                          0x20000018   Data           4  freertos.o(.data)
    myBinarySem01Handle                      0x2000001c   Data           4  freertos.o(.data)
    DO_AT                                    0x20000020   Data           8  freertos.o(.data)
    RX1Index                                 0x20000028   Data           1  uart.o(.data)
    RX6Index                                 0x20000029   Data           1  uart.o(.data)
    RX1Data                                  0x2000002a   Data           1  uart.o(.data)
    RX6Data                                  0x2000002b   Data           1  uart.o(.data)
    DO_Saturation                            0x2000002c   Data           4  uart.o(.data)
    DO_Concentration                         0x20000030   Data           4  uart.o(.data)
    Temperature                              0x20000034   Data           4  uart.o(.data)
    PH                                       0x20000038   Data           4  uart.o(.data)
    ORP                                      0x2000003c   Data           4  uart.o(.data)
    uwTickFreq                               0x2000004c   Data           1  stm32f4xx_hal.o(.data)
    uwTickPrio                               0x20000050   Data           4  stm32f4xx_hal.o(.data)
    uwTick                                   0x20000054   Data           4  stm32f4xx_hal.o(.data)
    SystemCoreClock                          0x20000058   Data           4  system_stm32f4xx.o(.data)
    pxCurrentTCB                             0x2000005c   Data           4  tasks.o(.data)
    hi2c1                                    0x20000780   Data          84  i2c.o(.bss)
    hiwdg                                    0x200007d4   Data          12  iwdg.o(.bss)
    hrtc                                     0x200007e0   Data          32  rtc.o(.bss)
    hspi2                                    0x20000800   Data          88  spi.o(.bss)
    huart1                                   0x20000858   Data          72  usart.o(.bss)
    huart6                                   0x200008a0   Data          72  usart.o(.bss)
    htim2                                    0x200008e8   Data          72  stm32f4xx_hal_timebase_tim.o(.bss)
    RX1Buffer                                0x20000930   Data         256  uart.o(.bss)
    RX6Buffer                                0x20000a30   Data         256  uart.o(.bss)
    CopyRX6Buffer                            0x20000b30   Data         256  uart.o(.bss)
    xQueueRegistry                           0x20000c30   Data          64  queue.o(.bss)
    __libspace_start                         0x20004a48   Data          96  libspace.o(.bss)
    __temporary_stack_top$libspace           0x20004aa8   Data           0  libspace.o(.bss)



==============================================================================

Memory Map of the image

  Image Entry point : 0x08000199

  Load Region LR_IROM1 (Base: 0x08000000, Size: 0x00007c98, Max: 0x00080000, ABSOLUTE)

    Execution Region ER_IROM1 (Exec base: 0x08000000, Load base: 0x08000000, Size: 0x00007bc0, Max: 0x00080000, ABSOLUTE)

    Exec Addr    Load Addr    Size         Type   Attr      Idx    E Section Name        Object

    0x08000000   0x08000000   0x00000198   Data   RO            3    RESET               startup_stm32f411xe.o
    0x08000198   0x08000198   0x00000008   Code   RO         6523  * !!!main             c_w.l(__main.o)
    0x080001a0   0x080001a0   0x00000034   Code   RO         6912    !!!scatter          c_w.l(__scatter.o)
    0x080001d4   0x080001d4   0x0000001a   Code   RO         6914    !!handler_copy      c_w.l(__scatter_copy.o)
    0x080001ee   0x080001ee   0x00000002   PAD
    0x080001f0   0x080001f0   0x0000001c   Code   RO         6916    !!handler_zi        c_w.l(__scatter_zi.o)
    0x0800020c   0x0800020c   0x00000000   Code   RO         6502    .ARM.Collect$$_printf_percent$$00000000  c_w.l(_printf_percent.o)
    0x0800020c   0x0800020c   0x00000006   Code   RO         6500    .ARM.Collect$$_printf_percent$$00000003  c_w.l(_printf_f.o)
    0x08000212   0x08000212   0x00000006   Code   RO         6501    .ARM.Collect$$_printf_percent$$00000004  c_w.l(_printf_e.o)
    0x08000218   0x08000218   0x00000006   Code   RO         6499    .ARM.Collect$$_printf_percent$$00000009  c_w.l(_printf_d.o)
    0x0800021e   0x0800021e   0x00000006   Code   RO         6498    .ARM.Collect$$_printf_percent$$0000000C  c_w.l(_printf_x.o)
    0x08000224   0x08000224   0x00000004   Code   RO         6625    .ARM.Collect$$_printf_percent$$00000017  c_w.l(_printf_percent_end.o)
    0x08000228   0x08000228   0x00000002   Code   RO         6845    .ARM.Collect$$libinit$$00000000  c_w.l(libinit.o)
    0x0800022a   0x0800022a   0x00000004   Code   RO         6628    .ARM.Collect$$libinit$$00000001  c_w.l(libinit2.o)
    0x0800022e   0x0800022e   0x00000000   Code   RO         6631    .ARM.Collect$$libinit$$00000004  c_w.l(libinit2.o)
    0x0800022e   0x0800022e   0x00000008   Code   RO         6632    .ARM.Collect$$libinit$$00000005  c_w.l(libinit2.o)
    0x08000236   0x08000236   0x00000000   Code   RO         6634    .ARM.Collect$$libinit$$0000000A  c_w.l(libinit2.o)
    0x08000236   0x08000236   0x00000000   Code   RO         6636    .ARM.Collect$$libinit$$0000000C  c_w.l(libinit2.o)
    0x08000236   0x08000236   0x00000000   Code   RO         6638    .ARM.Collect$$libinit$$0000000E  c_w.l(libinit2.o)
    0x08000236   0x08000236   0x00000006   Code   RO         6639    .ARM.Collect$$libinit$$0000000F  c_w.l(libinit2.o)
    0x0800023c   0x0800023c   0x00000000   Code   RO         6641    .ARM.Collect$$libinit$$00000011  c_w.l(libinit2.o)
    0x0800023c   0x0800023c   0x00000000   Code   RO         6643    .ARM.Collect$$libinit$$00000013  c_w.l(libinit2.o)
    0x0800023c   0x0800023c   0x00000000   Code   RO         6645    .ARM.Collect$$libinit$$00000015  c_w.l(libinit2.o)
    0x0800023c   0x0800023c   0x0000000a   Code   RO         6646    .ARM.Collect$$libinit$$00000016  c_w.l(libinit2.o)
    0x08000246   0x08000246   0x00000000   Code   RO         6647    .ARM.Collect$$libinit$$00000017  c_w.l(libinit2.o)
    0x08000246   0x08000246   0x00000000   Code   RO         6649    .ARM.Collect$$libinit$$00000019  c_w.l(libinit2.o)
    0x08000246   0x08000246   0x00000000   Code   RO         6651    .ARM.Collect$$libinit$$0000001B  c_w.l(libinit2.o)
    0x08000246   0x08000246   0x00000000   Code   RO         6653    .ARM.Collect$$libinit$$0000001D  c_w.l(libinit2.o)
    0x08000246   0x08000246   0x00000000   Code   RO         6655    .ARM.Collect$$libinit$$0000001F  c_w.l(libinit2.o)
    0x08000246   0x08000246   0x00000000   Code   RO         6657    .ARM.Collect$$libinit$$00000021  c_w.l(libinit2.o)
    0x08000246   0x08000246   0x00000000   Code   RO         6659    .ARM.Collect$$libinit$$00000023  c_w.l(libinit2.o)
    0x08000246   0x08000246   0x00000000   Code   RO         6661    .ARM.Collect$$libinit$$00000025  c_w.l(libinit2.o)
    0x08000246   0x08000246   0x00000000   Code   RO         6665    .ARM.Collect$$libinit$$0000002C  c_w.l(libinit2.o)
    0x08000246   0x08000246   0x00000000   Code   RO         6667    .ARM.Collect$$libinit$$0000002E  c_w.l(libinit2.o)
    0x08000246   0x08000246   0x00000000   Code   RO         6669    .ARM.Collect$$libinit$$00000030  c_w.l(libinit2.o)
    0x08000246   0x08000246   0x00000000   Code   RO         6671    .ARM.Collect$$libinit$$00000032  c_w.l(libinit2.o)
    0x08000246   0x08000246   0x00000002   Code   RO         6672    .ARM.Collect$$libinit$$00000033  c_w.l(libinit2.o)
    0x08000248   0x08000248   0x00000002   Code   RO         6909    .ARM.Collect$$libshutdown$$00000000  c_w.l(libshutdown.o)
    0x0800024a   0x0800024a   0x00000000   Code   RO         6863    .ARM.Collect$$libshutdown$$00000002  c_w.l(libshutdown2.o)
    0x0800024a   0x0800024a   0x00000000   Code   RO         6865    .ARM.Collect$$libshutdown$$00000004  c_w.l(libshutdown2.o)
    0x0800024a   0x0800024a   0x00000000   Code   RO         6867    .ARM.Collect$$libshutdown$$00000006  c_w.l(libshutdown2.o)
    0x0800024a   0x0800024a   0x00000000   Code   RO         6870    .ARM.Collect$$libshutdown$$00000009  c_w.l(libshutdown2.o)
    0x0800024a   0x0800024a   0x00000000   Code   RO         6873    .ARM.Collect$$libshutdown$$0000000C  c_w.l(libshutdown2.o)
    0x0800024a   0x0800024a   0x00000000   Code   RO         6875    .ARM.Collect$$libshutdown$$0000000E  c_w.l(libshutdown2.o)
    0x0800024a   0x0800024a   0x00000000   Code   RO         6878    .ARM.Collect$$libshutdown$$00000011  c_w.l(libshutdown2.o)
    0x0800024a   0x0800024a   0x00000002   Code   RO         6879    .ARM.Collect$$libshutdown$$00000012  c_w.l(libshutdown2.o)
    0x0800024c   0x0800024c   0x00000000   Code   RO         6581    .ARM.Collect$$rtentry$$00000000  c_w.l(__rtentry.o)
    0x0800024c   0x0800024c   0x00000000   Code   RO         6727    .ARM.Collect$$rtentry$$00000002  c_w.l(__rtentry2.o)
    0x0800024c   0x0800024c   0x00000006   Code   RO         6739    .ARM.Collect$$rtentry$$00000004  c_w.l(__rtentry4.o)
    0x08000252   0x08000252   0x00000000   Code   RO         6729    .ARM.Collect$$rtentry$$00000009  c_w.l(__rtentry2.o)
    0x08000252   0x08000252   0x00000004   Code   RO         6730    .ARM.Collect$$rtentry$$0000000A  c_w.l(__rtentry2.o)
    0x08000256   0x08000256   0x00000000   Code   RO         6732    .ARM.Collect$$rtentry$$0000000C  c_w.l(__rtentry2.o)
    0x08000256   0x08000256   0x00000008   Code   RO         6733    .ARM.Collect$$rtentry$$0000000D  c_w.l(__rtentry2.o)
    0x0800025e   0x0800025e   0x00000002   Code   RO         6850    .ARM.Collect$$rtexit$$00000000  c_w.l(rtexit.o)
    0x08000260   0x08000260   0x00000000   Code   RO         6885    .ARM.Collect$$rtexit$$00000002  c_w.l(rtexit2.o)
    0x08000260   0x08000260   0x00000004   Code   RO         6886    .ARM.Collect$$rtexit$$00000003  c_w.l(rtexit2.o)
    0x08000264   0x08000264   0x00000006   Code   RO         6887    .ARM.Collect$$rtexit$$00000004  c_w.l(rtexit2.o)
    0x0800026a   0x0800026a   0x00000002   PAD
    0x0800026c   0x0800026c   0x000000be   Code   RO         6298    .emb_text           port.o
    0x0800032a   0x0800032a   0x00000002   PAD
    0x0800032c   0x0800032c   0x00000000   Code   RO         6755    .emb_text           c_w.l(maybetermalloc1.o)
    0x0800032c   0x0800032c   0x00000040   Code   RO            4    .text               startup_stm32f411xe.o
    0x0800036c   0x0800036c   0x0000005e   Code   RO         6381    .text               c_w.l(h1_alloc.o)
    0x080003ca   0x080003ca   0x0000004e   Code   RO         6383    .text               c_w.l(h1_free.o)
    0x08000418   0x08000418   0x000000ee   Code   RO         6439    .text               c_w.l(lludivv7m.o)
    0x08000506   0x08000506   0x00000002   PAD
    0x08000508   0x08000508   0x00000028   Code   RO         6447    .text               c_w.l(noretval__2sprintf.o)
    0x08000530   0x08000530   0x00000034   Code   RO         6449    .text               c_w.l(noretval__2snprintf.o)
    0x08000564   0x08000564   0x0000004e   Code   RO         6453    .text               c_w.l(_printf_pad.o)
    0x080005b2   0x080005b2   0x00000002   PAD
    0x080005b4   0x080005b4   0x00000078   Code   RO         6455    .text               c_w.l(_printf_dec.o)
    0x0800062c   0x0800062c   0x00000058   Code   RO         6460    .text               c_w.l(_printf_hex_int.o)
    0x08000684   0x08000684   0x00000138   Code   RO         6490    .text               c_w.l(__printf_flags_wp.o)
    0x080007bc   0x080007bc   0x00000014   Code   RO         6503    .text               c_w.l(strchr.o)
    0x080007d0   0x080007d0   0x00000048   Code   RO         6505    .text               c_w.l(strcpy.o)
    0x08000818   0x08000818   0x0000003e   Code   RO         6507    .text               c_w.l(strlen.o)
    0x08000856   0x08000856   0x0000008a   Code   RO         6511    .text               c_w.l(rt_memcpy_v6.o)
    0x080008e0   0x080008e0   0x00000064   Code   RO         6513    .text               c_w.l(rt_memcpy_w.o)
    0x08000944   0x08000944   0x00000044   Code   RO         6517    .text               c_w.l(rt_memclr.o)
    0x08000988   0x08000988   0x0000004e   Code   RO         6519    .text               c_w.l(rt_memclr_w.o)
    0x080009d6   0x080009d6   0x00000006   Code   RO         6521    .text               c_w.l(heapauxi.o)
    0x080009dc   0x080009dc   0x00000008   Code   RO         6591    .text               c_w.l(rt_heap_descriptor_intlibspace.o)
    0x080009e4   0x080009e4   0x00000004   Code   RO         6593    .text               c_w.l(hguard.o)
    0x080009e8   0x080009e8   0x0000008a   Code   RO         6595    .text               c_w.l(init_alloc.o)
    0x08000a72   0x08000a72   0x0000000e   Code   RO         6599    .text               c_w.l(h1_init.o)
    0x08000a80   0x08000a80   0x000000b2   Code   RO         6615    .text               c_w.l(_printf_intcommon.o)
    0x08000b32   0x08000b32   0x0000041e   Code   RO         6617    .text               c_w.l(_printf_fp_dec.o)
    0x08000f50   0x08000f50   0x00000030   Code   RO         6619    .text               c_w.l(_printf_char_common.o)
    0x08000f80   0x08000f80   0x0000000a   Code   RO         6621    .text               c_w.l(_sputc.o)
    0x08000f8a   0x08000f8a   0x00000010   Code   RO         6623    .text               c_w.l(_snputc.o)
    0x08000f9a   0x08000f9a   0x00000002   PAD
    0x08000f9c   0x08000f9c   0x00000008   Code   RO         6723    .text               c_w.l(libspace.o)
    0x08000fa4   0x08000fa4   0x00000008   Code   RO         6746    .text               c_w.l(rt_locale_intlibspace.o)
    0x08000fac   0x08000fac   0x00000034   Code   RO         6757    .text               c_w.l(h1_extend.o)
    0x08000fe0   0x08000fe0   0x0000008a   Code   RO         6761    .text               c_w.l(lludiv10.o)
    0x0800106a   0x0800106a   0x00000002   PAD
    0x0800106c   0x0800106c   0x00000080   Code   RO         6763    .text               c_w.l(_printf_fp_infnan.o)
    0x080010ec   0x080010ec   0x000000e4   Code   RO         6767    .text               c_w.l(bigflt0.o)
    0x080011d0   0x080011d0   0x0000000e   Code   RO         6798    .text               c_w.l(defsig_rtmem_outer.o)
    0x080011de   0x080011de   0x00000002   Code   RO         6815    .text               c_w.l(use_no_semi.o)
    0x080011e0   0x080011e0   0x00000000   Code   RO         6817    .text               c_w.l(indicate_semi.o)
    0x080011e0   0x080011e0   0x0000004a   Code   RO         6818    .text               c_w.l(sys_stackheap_outer.o)
    0x0800122a   0x0800122a   0x00000012   Code   RO         6824    .text               c_w.l(exit.o)
    0x0800123c   0x0800123c   0x0000000a   Code   RO         6826    .text               c_w.l(defsig_exit.o)
    0x08001246   0x08001246   0x00000002   PAD
    0x08001248   0x08001248   0x00000050   Code   RO         6832    .text               c_w.l(defsig_rtmem_inner.o)
    0x08001298   0x08001298   0x00000080   Code   RO         6834    .text               c_w.l(strcmpv7m.o)
    0x08001318   0x08001318   0x0000000c   Code   RO         6848    .text               c_w.l(sys_exit.o)
    0x08001324   0x08001324   0x00000032   Code   RO         6858    .text               c_w.l(defsig_general.o)
    0x08001356   0x08001356   0x0000000e   Code   RO         6882    .text               c_w.l(sys_wrch.o)
    0x08001364   0x08001364   0x0000003e   Code   RO         6770    CL$$btod_d2e        c_w.l(btod.o)
    0x080013a2   0x080013a2   0x00000046   Code   RO         6772    CL$$btod_d2e_denorm_low  c_w.l(btod.o)
    0x080013e8   0x080013e8   0x00000060   Code   RO         6771    CL$$btod_d2e_norm_op1  c_w.l(btod.o)
    0x08001448   0x08001448   0x00000338   Code   RO         6780    CL$$btod_div_common  c_w.l(btod.o)
    0x08001780   0x08001780   0x000000dc   Code   RO         6777    CL$$btod_e2e        c_w.l(btod.o)
    0x0800185c   0x0800185c   0x0000002a   Code   RO         6774    CL$$btod_ediv       c_w.l(btod.o)
    0x08001886   0x08001886   0x0000002a   Code   RO         6773    CL$$btod_emul       c_w.l(btod.o)
    0x080018b0   0x080018b0   0x00000244   Code   RO         6779    CL$$btod_mult_common  c_w.l(btod.o)
    0x08001af4   0x08001af4   0x00000002   Code   RO          565    i.BusFault_Handler  stm32f4xx_it.o
    0x08001af6   0x08001af6   0x00000002   PAD
    0x08001af8   0x08001af8   0x00000018   Code   RO          265    i.Callback01        freertos.o
    0x08001b10   0x08001b10   0x00000002   Code   RO          566    i.DebugMon_Handler  stm32f4xx_it.o
    0x08001b12   0x08001b12   0x00000004   Code   RO           13    i.Error_Handler     main.o
    0x08001b16   0x08001b16   0x00000092   Code   RO         1654    i.HAL_DMA_Abort     stm32f4xx_hal_dma.o
    0x08001ba8   0x08001ba8   0x00000024   Code   RO         1655    i.HAL_DMA_Abort_IT  stm32f4xx_hal_dma.o
    0x08001bcc   0x08001bcc   0x000002b0   Code   RO         1547    i.HAL_GPIO_Init     stm32f4xx_hal_gpio.o
    0x08001e7c   0x08001e7c   0x0000006c   Code   RO         1551    i.HAL_GPIO_WritePin  stm32f4xx_hal_gpio.o
    0x08001ee8   0x08001ee8   0x0000000c   Code   RO         2121    i.HAL_GetTick       stm32f4xx_hal.o
    0x08001ef4   0x08001ef4   0x00000288   Code   RO         2377    i.HAL_I2C_Init      stm32f4xx_hal_i2c.o
    0x0800217c   0x0800217c   0x00000068   Code   RO          362    i.HAL_I2C_MspInit   i2c.o
    0x080021e4   0x080021e4   0x000000e0   Code   RO         2833    i.HAL_IWDG_Init     stm32f4xx_hal_iwdg.o
    0x080022c4   0x080022c4   0x0000000c   Code   RO         2834    i.HAL_IWDG_Refresh  stm32f4xx_hal_iwdg.o
    0x080022d0   0x080022d0   0x00000010   Code   RO         2127    i.HAL_IncTick       stm32f4xx_hal.o
    0x080022e0   0x080022e0   0x00000034   Code   RO         2128    i.HAL_Init          stm32f4xx_hal.o
    0x08002314   0x08002314   0x00000098   Code   RO          671    i.HAL_InitTick      stm32f4xx_hal_timebase_tim.o
    0x080023ac   0x080023ac   0x00000038   Code   RO          647    i.HAL_MspInit       stm32f4xx_hal_msp.o
    0x080023e4   0x080023e4   0x00000064   Code   RO         1963    i.HAL_NVIC_EnableIRQ  stm32f4xx_hal_cortex.o
    0x08002448   0x08002448   0x000000a0   Code   RO         1969    i.HAL_NVIC_SetPriority  stm32f4xx_hal_cortex.o
    0x080024e8   0x080024e8   0x00000080   Code   RO         1970    i.HAL_NVIC_SetPriorityGrouping  stm32f4xx_hal_cortex.o
    0x08002568   0x08002568   0x00000324   Code   RO         1229    i.HAL_RCCEx_PeriphCLKConfig  stm32f4xx_hal_rcc_ex.o
    0x0800288c   0x0800288c   0x0000024c   Code   RO         1124    i.HAL_RCC_ClockConfig  stm32f4xx_hal_rcc.o
    0x08002ad8   0x08002ad8   0x00000040   Code   RO         1128    i.HAL_RCC_GetClockConfig  stm32f4xx_hal_rcc.o
    0x08002b18   0x08002b18   0x00000020   Code   RO         1131    i.HAL_RCC_GetPCLK1Freq  stm32f4xx_hal_rcc.o
    0x08002b38   0x08002b38   0x00000020   Code   RO         1132    i.HAL_RCC_GetPCLK2Freq  stm32f4xx_hal_rcc.o
    0x08002b58   0x08002b58   0x00000064   Code   RO         1133    i.HAL_RCC_GetSysClockFreq  stm32f4xx_hal_rcc.o
    0x08002bbc   0x08002bbc   0x000004a8   Code   RO         1136    i.HAL_RCC_OscConfig  stm32f4xx_hal_rcc.o
    0x08003064   0x08003064   0x00000164   Code   RO         2876    i.HAL_RTC_Init      stm32f4xx_hal_rtc.o
    0x080031c8   0x080031c8   0x0000003c   Code   RO          434    i.HAL_RTC_MspInit   rtc.o
    0x08003204   0x08003204   0x00000194   Code   RO         2882    i.HAL_RTC_SetDate   stm32f4xx_hal_rtc.o
    0x08003398   0x08003398   0x000001ec   Code   RO         2883    i.HAL_RTC_SetTime   stm32f4xx_hal_rtc.o
    0x08003584   0x08003584   0x00000038   Code   RO         2884    i.HAL_RTC_WaitForSynchro  stm32f4xx_hal_rtc.o
    0x080035bc   0x080035bc   0x00000002   Code   RO         3258    i.HAL_SPI_ErrorCallback  stm32f4xx_hal_spi.o
    0x080035be   0x080035be   0x00000002   PAD
    0x080035c0   0x080035c0   0x000000fc   Code   RO         3261    i.HAL_SPI_IRQHandler  stm32f4xx_hal_spi.o
    0x080036bc   0x080036bc   0x00000260   Code   RO         3262    i.HAL_SPI_Init      stm32f4xx_hal_spi.o
    0x0800391c   0x0800391c   0x0000007c   Code   RO          476    i.HAL_SPI_MspInit   spi.o
    0x08003998   0x08003998   0x00000002   Code   RO         4280    i.HAL_TIMEx_BreakCallback  stm32f4xx_hal_tim_ex.o
    0x0800399a   0x0800399a   0x00000002   Code   RO         4281    i.HAL_TIMEx_CommutCallback  stm32f4xx_hal_tim_ex.o
    0x0800399c   0x0800399c   0x00000158   Code   RO         3575    i.HAL_TIM_Base_Init  stm32f4xx_hal_tim.o
    0x08003af4   0x08003af4   0x00000002   Code   RO         3577    i.HAL_TIM_Base_MspInit  stm32f4xx_hal_tim.o
    0x08003af6   0x08003af6   0x00000002   PAD
    0x08003af8   0x08003af8   0x000000ec   Code   RO         3580    i.HAL_TIM_Base_Start_IT  stm32f4xx_hal_tim.o
    0x08003be4   0x08003be4   0x00000002   Code   RO         3609    i.HAL_TIM_IC_CaptureCallback  stm32f4xx_hal_tim.o
    0x08003be6   0x08003be6   0x00000130   Code   RO         3623    i.HAL_TIM_IRQHandler  stm32f4xx_hal_tim.o
    0x08003d16   0x08003d16   0x00000002   Code   RO         3626    i.HAL_TIM_OC_DelayElapsedCallback  stm32f4xx_hal_tim.o
    0x08003d18   0x08003d18   0x00000002   Code   RO         3653    i.HAL_TIM_PWM_PulseFinishedCallback  stm32f4xx_hal_tim.o
    0x08003d1a   0x08003d1a   0x0000000e   Code   RO           14    i.HAL_TIM_PeriodElapsedCallback  main.o
    0x08003d28   0x08003d28   0x00000002   Code   RO         3666    i.HAL_TIM_TriggerCallback  stm32f4xx_hal_tim.o
    0x08003d2a   0x08003d2a   0x00000002   Code   RO         4559    i.HAL_UARTEx_RxEventCallback  stm32f4xx_hal_uart.o
    0x08003d2c   0x08003d2c   0x00000002   Code   RO         4573    i.HAL_UART_ErrorCallback  stm32f4xx_hal_uart.o
    0x08003d2e   0x08003d2e   0x00000002   PAD
    0x08003d30   0x08003d30   0x00000270   Code   RO         4576    i.HAL_UART_IRQHandler  stm32f4xx_hal_uart.o
    0x08003fa0   0x08003fa0   0x0000012c   Code   RO         4577    i.HAL_UART_Init     stm32f4xx_hal_uart.o
    0x080040cc   0x080040cc   0x000000c4   Code   RO          518    i.HAL_UART_MspInit  usart.o
    0x08004190   0x08004190   0x0000001c   Code   RO         4582    i.HAL_UART_Receive_IT  stm32f4xx_hal_uart.o
    0x080041ac   0x080041ac   0x0000011c   Code   RO          710    i.HAL_UART_RxCpltCallback  uart.o
    0x080042c8   0x080042c8   0x00000032   Code   RO         4587    i.HAL_UART_Transmit_IT  stm32f4xx_hal_uart.o
    0x080042fa   0x080042fa   0x00000002   Code   RO         4588    i.HAL_UART_TxCpltCallback  stm32f4xx_hal_uart.o
    0x080042fc   0x080042fc   0x00000002   Code   RO          567    i.HardFault_Handler  stm32f4xx_it.o
    0x080042fe   0x080042fe   0x00000002   PAD
    0x08004300   0x08004300   0x00000090   Code   RO          266    i.MX_FREERTOS_Init  freertos.o
    0x08004390   0x08004390   0x000000bc   Code   RO          241    i.MX_GPIO_Init      gpio.o
    0x0800444c   0x0800444c   0x00000040   Code   RO          363    i.MX_I2C1_Init      i2c.o
    0x0800448c   0x0800448c   0x0000002c   Code   RO          403    i.MX_IWDG_Init      iwdg.o
    0x080044b8   0x080044b8   0x00000080   Code   RO          435    i.MX_RTC_Init       rtc.o
    0x08004538   0x08004538   0x00000044   Code   RO          477    i.MX_SPI2_Init      spi.o
    0x0800457c   0x0800457c   0x00000038   Code   RO          519    i.MX_USART1_UART_Init  usart.o
    0x080045b4   0x080045b4   0x00000038   Code   RO          520    i.MX_USART6_UART_Init  usart.o
    0x080045ec   0x080045ec   0x00000002   Code   RO          568    i.MemManage_Handler  stm32f4xx_it.o
    0x080045ee   0x080045ee   0x00000002   Code   RO          569    i.NMI_Handler       stm32f4xx_it.o
    0x080045f0   0x080045f0   0x00000016   Code   RO          711    i.ParseDO           uart.o
    0x08004606   0x08004606   0x0000000e   Code   RO          712    i.ParseORP          uart.o
    0x08004614   0x08004614   0x0000001c   Code   RO          713    i.ParsePH           uart.o
    0x08004630   0x08004630   0x00000012   Code   RO         2885    i.RTC_Bcd2ToByte    stm32f4xx_hal_rtc.o
    0x08004642   0x08004642   0x00000016   Code   RO         2886    i.RTC_ByteToBcd2    stm32f4xx_hal_rtc.o
    0x08004658   0x08004658   0x00000048   Code   RO         2887    i.RTC_EnterInitMode  stm32f4xx_hal_rtc.o
    0x080046a0   0x080046a0   0x0000002a   Code   RO         2888    i.RTC_ExitInitMode  stm32f4xx_hal_rtc.o
    0x080046ca   0x080046ca   0x00000002   PAD
    0x080046cc   0x080046cc   0x0000000c   Code   RO          570    i.SPI2_IRQHandler   stm32f4xx_it.o
    0x080046d8   0x080046d8   0x00000010   Code   RO         3289    i.SPI_DMAAbortOnError  stm32f4xx_hal_spi.o
    0x080046e8   0x080046e8   0x000001b8   Code   RO          267    i.SentDataSensor    freertos.o
    0x080048a0   0x080048a0   0x0000003c   Code   RO          268    i.StartDefaultTask  freertos.o
    0x080048dc   0x080048dc   0x00000020   Code   RO          269    i.StartTask02       freertos.o
    0x080048fc   0x080048fc   0x00000014   Code   RO          270    i.StartTask03       freertos.o
    0x08004910   0x08004910   0x0000002c   Code   RO         6299    i.SysTick_Handler   port.o
    0x0800493c   0x0800493c   0x00000094   Code   RO           15    i.SystemClock_Config  main.o
    0x080049d0   0x080049d0   0x00000010   Code   RO         4911    i.SystemInit        system_stm32f4xx.o
    0x080049e0   0x080049e0   0x0000000c   Code   RO          571    i.TIM2_IRQHandler   stm32f4xx_it.o
    0x080049ec   0x080049ec   0x000000a4   Code   RO         3668    i.TIM_Base_SetConfig  stm32f4xx_hal_tim.o
    0x08004a90   0x08004a90   0x00000010   Code   RO         4590    i.UART_DMAAbortOnError  stm32f4xx_hal_uart.o
    0x08004aa0   0x08004aa0   0x0000004e   Code   RO         4600    i.UART_EndRxTransfer  stm32f4xx_hal_uart.o
    0x08004aee   0x08004aee   0x000000c2   Code   RO         4602    i.UART_Receive_IT   stm32f4xx_hal_uart.o
    0x08004bb0   0x08004bb0   0x00000030   Code   RO          714    i.UART_SEND1        uart.o
    0x08004be0   0x08004be0   0x00000024   Code   RO          715    i.UART_SEND6        uart.o
    0x08004c04   0x08004c04   0x000001a0   Code   RO         4603    i.UART_SetConfig    stm32f4xx_hal_uart.o
    0x08004da4   0x08004da4   0x00000036   Code   RO         4605    i.UART_Start_Receive_IT  stm32f4xx_hal_uart.o
    0x08004dda   0x08004dda   0x00000002   PAD
    0x08004ddc   0x08004ddc   0x0000000c   Code   RO          572    i.USART1_IRQHandler  stm32f4xx_it.o
    0x08004de8   0x08004de8   0x0000000c   Code   RO          573    i.USART6_IRQHandler  stm32f4xx_it.o
    0x08004df4   0x08004df4   0x00000002   Code   RO          574    i.UsageFault_Handler  stm32f4xx_it.o
    0x08004df6   0x08004df6   0x00000030   Code   RO         6704    i.__ARM_fpclassify  m_wm.l(fpclassify.o)
    0x08004e26   0x08004e26   0x00000020   Code   RO         1976    i.__NVIC_SetPriority  stm32f4xx_hal_cortex.o
    0x08004e46   0x08004e46   0x00000014   Code   RO         6553    i.__hardfp_fabs     m_wm.l(fabs.o)
    0x08004e5a   0x08004e5a   0x00000006   PAD
    0x08004e60   0x08004e60   0x00000118   Code   RO         6559    i.__hardfp_floor    m_wm.l(floor.o)
    0x08004f78   0x08004f78   0x0000000e   Code   RO         6488    i._is_digit         c_w.l(__printf_wp.o)
    0x08004f86   0x08004f86   0x00000002   Code   RO           16    i.assert_failed     main.o
    0x08004f88   0x08004f88   0x0000001c   Code   RO          774    i.cJSON_AddItemToArray  cjson.o
    0x08004fa4   0x08004fa4   0x00000030   Code   RO          775    i.cJSON_AddItemToObject  cjson.o
    0x08004fd4   0x08004fd4   0x00000010   Code   RO          785    i.cJSON_CreateObject  cjson.o
    0x08004fe4   0x08004fe4   0x0000001c   Code   RO          786    i.cJSON_CreateString  cjson.o
    0x08005000   0x08005000   0x00000048   Code   RO          789    i.cJSON_Delete      cjson.o
    0x08005048   0x08005048   0x0000001c   Code   RO          802    i.cJSON_New_Item    cjson.o
    0x08005064   0x08005064   0x0000000a   Code   RO          805    i.cJSON_Print       cjson.o
    0x0800506e   0x0800506e   0x00000002   PAD
    0x08005070   0x08005070   0x00000028   Code   RO          811    i.cJSON_strdup      cjson.o
    0x08005098   0x08005098   0x00000032   Code   RO          716    i.crc16             uart.o
    0x080050ca   0x080050ca   0x00000002   PAD
    0x080050cc   0x080050cc   0x00000070   Code   RO          813    i.ensure            cjson.o
    0x0800513c   0x0800513c   0x0000002e   Code   RO           17    i.main              main.o
    0x0800516a   0x0800516a   0x0000000c   Code   RO         5876    i.makeFreeRtosPriority  cmsis_os.o
    0x08005176   0x08005176   0x0000000e   Code   RO         5878    i.osDelay           cmsis_os.o
    0x08005184   0x08005184   0x0000000a   Code   RO         5881    i.osKernelStart     cmsis_os.o
    0x0800518e   0x0800518e   0x00000026   Code   RO         5890    i.osMessageCreate   cmsis_os.o
    0x080051b4   0x080051b4   0x0000003e   Code   RO         5907    i.osSemaphoreCreate  cmsis_os.o
    0x080051f2   0x080051f2   0x00000054   Code   RO         5915    i.osThreadCreate    cmsis_os.o
    0x08005246   0x08005246   0x00000002   PAD
    0x08005248   0x08005248   0x00000040   Code   RO         5926    i.osTimerCreate     cmsis_os.o
    0x08005288   0x08005288   0x000001d0   Code   RO          820    i.print_array       cjson.o
    0x08005458   0x08005458   0x000001c8   Code   RO          821    i.print_number      cjson.o
    0x08005620   0x08005620   0x00000374   Code   RO          822    i.print_object      cjson.o
    0x08005994   0x08005994   0x00000006   Code   RO          823    i.print_string      cjson.o
    0x0800599a   0x0800599a   0x00000002   PAD
    0x0800599c   0x0800599c   0x00000174   Code   RO          824    i.print_string_ptr  cjson.o
    0x08005b10   0x08005b10   0x000000bc   Code   RO          825    i.print_value       cjson.o
    0x08005bcc   0x08005bcc   0x00000070   Code   RO         5416    i.prvAddCurrentTaskToDelayedList  tasks.o
    0x08005c3c   0x08005c3c   0x000000d0   Code   RO         5417    i.prvAddNewTaskToReadyList  tasks.o
    0x08005d0c   0x08005d0c   0x00000058   Code   RO         5730    i.prvCheckForValidListAndQueue  timers.o
    0x08005d64   0x08005d64   0x00000026   Code   RO         5089    i.prvCopyDataFromQueue  queue.o
    0x08005d8a   0x08005d8a   0x0000006c   Code   RO         5090    i.prvCopyDataToQueue  queue.o
    0x08005df6   0x08005df6   0x00000034   Code   RO         5418    i.prvDeleteTCB      tasks.o
    0x08005e2a   0x08005e2a   0x00000002   PAD
    0x08005e2c   0x08005e2c   0x0000004c   Code   RO         6243    i.prvHeapInit       heap_4.o
    0x08005e78   0x08005e78   0x00000060   Code   RO         5419    i.prvIdleTask       tasks.o
    0x08005ed8   0x08005ed8   0x00000016   Code   RO         5092    i.prvInitialiseNewQueue  queue.o
    0x08005eee   0x08005eee   0x00000098   Code   RO         5420    i.prvInitialiseNewTask  tasks.o
    0x08005f86   0x08005f86   0x0000004e   Code   RO         5731    i.prvInitialiseNewTimer  timers.o
    0x08005fd4   0x08005fd4   0x0000004c   Code   RO         6244    i.prvInsertBlockIntoFreeList  heap_4.o
    0x08006020   0x08006020   0x00000038   Code   RO         5732    i.prvInsertTimerInActiveList  timers.o
    0x08006058   0x08006058   0x0000001c   Code   RO         5093    i.prvIsQueueEmpty   queue.o
    0x08006074   0x08006074   0x000000f0   Code   RO         5733    i.prvProcessReceivedCommands  timers.o
    0x08006164   0x08006164   0x000000c0   Code   RO         5734    i.prvProcessTimerOrBlockTask  timers.o
    0x08006224   0x08006224   0x00000020   Code   RO         5421    i.prvResetNextTaskUnblockTime  tasks.o
    0x08006244   0x08006244   0x00000028   Code   RO         5735    i.prvSampleTimeNow  timers.o
    0x0800626c   0x0800626c   0x0000006c   Code   RO         5736    i.prvSwitchTimerLists  timers.o
    0x080062d8   0x080062d8   0x00000028   Code   RO         6300    i.prvTaskExitError  port.o
    0x08006300   0x08006300   0x00000024   Code   RO         5737    i.prvTimerTask      timers.o
    0x08006324   0x08006324   0x0000006a   Code   RO         5094    i.prvUnlockQueue    queue.o
    0x0800638e   0x0800638e   0x00000002   PAD
    0x08006390   0x08006390   0x000000dc   Code   RO         6245    i.pvPortMalloc      heap_4.o
    0x0800646c   0x0800646c   0x0000002c   Code   RO         6301    i.pxPortInitialiseStack  port.o
    0x08006498   0x08006498   0x0000001c   Code   RO          827    i.update            cjson.o
    0x080064b4   0x080064b4   0x00000026   Code   RO         5049    i.uxListRemove      list.o
    0x080064da   0x080064da   0x00000002   PAD
    0x080064dc   0x080064dc   0x00000014   Code   RO          271    i.vApplicationGetIdleTaskMemory  freertos.o
    0x080064f0   0x080064f0   0x00000018   Code   RO          272    i.vApplicationGetTimerTaskMemory  freertos.o
    0x08006508   0x08006508   0x00000016   Code   RO         5050    i.vListInitialise   list.o
    0x0800651e   0x0800651e   0x00000006   Code   RO         5051    i.vListInitialiseItem  list.o
    0x08006524   0x08006524   0x00000030   Code   RO         5052    i.vListInsert       list.o
    0x08006554   0x08006554   0x00000018   Code   RO         5053    i.vListInsertEnd    list.o
    0x0800656c   0x0800656c   0x00000040   Code   RO         6303    i.vPortEnterCritical  port.o
    0x080065ac   0x080065ac   0x00000028   Code   RO         6304    i.vPortExitCritical  port.o
    0x080065d4   0x080065d4   0x00000064   Code   RO         6246    i.vPortFree         heap_4.o
    0x08006638   0x08006638   0x00000024   Code   RO         6305    i.vPortSetupTimerInterrupt  port.o
    0x0800665c   0x0800665c   0x00000054   Code   RO         6306    i.vPortValidateInterruptPriority  port.o
    0x080066b0   0x080066b0   0x00000028   Code   RO         5098    i.vQueueAddToRegistry  queue.o
    0x080066d8   0x080066d8   0x00000044   Code   RO         5101    i.vQueueWaitForMessageRestricted  queue.o
    0x0800671c   0x0800671c   0x0000004c   Code   RO         5430    i.vTaskDelay        tasks.o
    0x08006768   0x08006768   0x00000010   Code   RO         5433    i.vTaskInternalSetTimeOutState  tasks.o
    0x08006778   0x08006778   0x0000000c   Code   RO         5434    i.vTaskMissedYield  tasks.o
    0x08006784   0x08006784   0x00000030   Code   RO         5436    i.vTaskPlaceOnEventList  tasks.o
    0x080067b4   0x080067b4   0x00000038   Code   RO         5437    i.vTaskPlaceOnEventListRestricted  tasks.o
    0x080067ec   0x080067ec   0x00000088   Code   RO         5444    i.vTaskStartScheduler  tasks.o
    0x08006874   0x08006874   0x00000010   Code   RO         5446    i.vTaskSuspendAll   tasks.o
    0x08006884   0x08006884   0x0000005c   Code   RO         5447    i.vTaskSwitchContext  tasks.o
    0x080068e0   0x080068e0   0x000000f4   Code   RO         6307    i.xPortStartScheduler  port.o
    0x080069d4   0x080069d4   0x00000042   Code   RO         5104    i.xQueueGenericCreate  queue.o
    0x08006a16   0x08006a16   0x00000066   Code   RO         5105    i.xQueueGenericCreateStatic  queue.o
    0x08006a7c   0x08006a7c   0x00000088   Code   RO         5106    i.xQueueGenericReset  queue.o
    0x08006b04   0x08006b04   0x00000160   Code   RO         5107    i.xQueueGenericSend  queue.o
    0x08006c64   0x08006c64   0x000000be   Code   RO         5108    i.xQueueGenericSendFromISR  queue.o
    0x08006d22   0x08006d22   0x00000002   PAD
    0x08006d24   0x08006d24   0x00000138   Code   RO         5114    i.xQueueReceive     queue.o
    0x08006e5c   0x08006e5c   0x00000074   Code   RO         5449    i.xTaskCheckForTimeOut  tasks.o
    0x08006ed0   0x08006ed0   0x0000005a   Code   RO         5450    i.xTaskCreate       tasks.o
    0x08006f2a   0x08006f2a   0x00000056   Code   RO         5451    i.xTaskCreateStatic  tasks.o
    0x08006f80   0x08006f80   0x0000001c   Code   RO         5455    i.xTaskGetSchedulerState  tasks.o
    0x08006f9c   0x08006f9c   0x0000000c   Code   RO         5456    i.xTaskGetTickCount  tasks.o
    0x08006fa8   0x08006fa8   0x000000cc   Code   RO         5458    i.xTaskIncrementTick  tasks.o
    0x08007074   0x08007074   0x00000098   Code   RO         5461    i.xTaskPriorityDisinherit  tasks.o
    0x0800710c   0x0800710c   0x00000074   Code   RO         5463    i.xTaskRemoveFromEventList  tasks.o
    0x08007180   0x08007180   0x000000c4   Code   RO         5464    i.xTaskResumeAll    tasks.o
    0x08007244   0x08007244   0x00000034   Code   RO         5742    i.xTimerCreate      timers.o
    0x08007278   0x08007278   0x0000002e   Code   RO         5743    i.xTimerCreateStatic  timers.o
    0x080072a6   0x080072a6   0x00000002   PAD
    0x080072a8   0x080072a8   0x00000060   Code   RO         5744    i.xTimerCreateTimerTask  timers.o
    0x08007308   0x08007308   0x00000060   Code   RO         5745    i.xTimerGenericCommand  timers.o
    0x08007368   0x08007368   0x0000002c   Code   RO         6796    locale$$code        c_w.l(lc_numeric_c.o)
    0x08007394   0x08007394   0x00000150   Code   RO         6525    x$fpl$dadd          fz_wm.l(daddsub_clz.o)
    0x080074e4   0x080074e4   0x00000018   Code   RO         6675    x$fpl$dcmpinf       fz_wm.l(dcmpi.o)
    0x080074fc   0x080074fc   0x00000078   Code   RO         6531    x$fpl$deqf          fz_wm.l(deqf.o)
    0x08007574   0x08007574   0x0000002e   Code   RO         6538    x$fpl$dflt          fz_wm.l(dflt_clz.o)
    0x080075a2   0x080075a2   0x00000002   PAD
    0x080075a4   0x080075a4   0x00000078   Code   RO         6543    x$fpl$dleqf         fz_wm.l(dleqf.o)
    0x0800761c   0x0800761c   0x0000009c   Code   RO         6681    x$fpl$dnaninf       fz_wm.l(dnaninf.o)
    0x080076b8   0x080076b8   0x0000000c   Code   RO         6683    x$fpl$dretinf       fz_wm.l(dretinf.o)
    0x080076c4   0x080076c4   0x0000006c   Code   RO         6547    x$fpl$drleqf        fz_wm.l(drleqf.o)
    0x08007730   0x08007730   0x00000016   Code   RO         6526    x$fpl$drsb          fz_wm.l(daddsub_clz.o)
    0x08007746   0x08007746   0x00000002   PAD
    0x08007748   0x08007748   0x000001d4   Code   RO         6527    x$fpl$dsub          fz_wm.l(daddsub_clz.o)
    0x0800791c   0x0800791c   0x00000056   Code   RO         6549    x$fpl$f2d           fz_wm.l(f2d.o)
    0x08007972   0x08007972   0x0000008c   Code   RO         6685    x$fpl$fnaninf       fz_wm.l(fnaninf.o)
    0x080079fe   0x080079fe   0x0000000a   Code   RO         6811    x$fpl$fpinit        fz_wm.l(fpinit.o)
    0x08007a08   0x08007a08   0x00000004   Code   RO         6551    x$fpl$printf1       fz_wm.l(printf1.o)
    0x08007a0c   0x08007a0c   0x00000000   Code   RO         6689    x$fpl$usenofp       fz_wm.l(usenofp.o)
    0x08007a0c   0x08007a0c   0x0000006c   Data   RO          274    .constdata          freertos.o
    0x08007a78   0x08007a78   0x00000010   Data   RO         4912    .constdata          system_stm32f4xx.o
    0x08007a88   0x08007a88   0x00000008   Data   RO         4913    .constdata          system_stm32f4xx.o
    0x08007a90   0x08007a90   0x00000028   Data   RO         6461    .constdata          c_w.l(_printf_hex_int.o)
    0x08007ab8   0x08007ab8   0x00000011   Data   RO         6491    .constdata          c_w.l(__printf_flags_wp.o)
    0x08007ac9   0x08007ac9   0x00000003   PAD
    0x08007acc   0x08007acc   0x00000094   Data   RO         6768    .constdata          c_w.l(bigflt0.o)
    0x08007b60   0x08007b60   0x00000024   Data   RO          275    .conststring        freertos.o
    0x08007b84   0x08007b84   0x00000020   Data   RO         6910    Region$$Table       anon$$obj.o
    0x08007ba4   0x08007ba4   0x0000001c   Data   RO         6795    locale$$data        c_w.l(lc_numeric_c.o)


    Execution Region RW_IRAM1 (Exec base: 0x20000000, Load base: 0x08007bc0, Size: 0x00005aa8, Max: 0x00020000, ABSOLUTE)

    Exec Addr    Load Addr    Size         Type   Attr      Idx    E Section Name        Object

    0x20000000   0x08007bc0   0x00000028   Data   RW          276    .data               freertos.o
    0x20000028   0x08007be8   0x00000018   Data   RW          719    .data               uart.o
    0x20000040   0x08007c00   0x0000000c   Data   RW          829    .data               cjson.o
    0x2000004c   0x08007c0c   0x0000000c   Data   RW         2135    .data               stm32f4xx_hal.o
    0x20000058   0x08007c18   0x00000004   Data   RW         4914    .data               system_stm32f4xx.o
    0x2000005c   0x08007c1c   0x0000003c   Data   RW         5467    .data               tasks.o
    0x20000098   0x08007c58   0x00000014   Data   RW         5751    .data               timers.o
    0x200000ac   0x08007c6c   0x00000020   Data   RW         6252    .data               heap_4.o
    0x200000cc   0x08007c8c   0x0000000c   Data   RW         6308    .data               port.o
    0x200000d8        -       0x000006a8   Zero   RW          273    .bss                freertos.o
    0x20000780        -       0x00000054   Zero   RW          364    .bss                i2c.o
    0x200007d4        -       0x0000000c   Zero   RW          404    .bss                iwdg.o
    0x200007e0        -       0x00000020   Zero   RW          436    .bss                rtc.o
    0x20000800        -       0x00000058   Zero   RW          478    .bss                spi.o
    0x20000858        -       0x00000090   Zero   RW          521    .bss                usart.o
    0x200008e8        -       0x00000048   Zero   RW          674    .bss                stm32f4xx_hal_timebase_tim.o
    0x20000930        -       0x00000300   Zero   RW          717    .bss                uart.o
    0x20000c30        -       0x00000040   Zero   RW         5117    .bss                queue.o
    0x20000c70        -       0x000000f0   Zero   RW         5466    .bss                tasks.o
    0x20000d60        -       0x000000e8   Zero   RW         5750    .bss                timers.o
    0x20000e48        -       0x00003c00   Zero   RW         6251    .bss                heap_4.o
    0x20004a48        -       0x00000060   Zero   RW         6724    .bss                c_w.l(libspace.o)
    0x20004aa8        -       0x00000c00   Zero   RW            2    HEAP                startup_stm32f411xe.o
    0x200056a8        -       0x00000400   Zero   RW            1    STACK               startup_stm32f411xe.o


==============================================================================

Image component sizes


      Code (inc. data)   RO Data    RW Data    ZI Data      Debug   Object Name

      2780        196          0         12          0      17351   cjson.o
       284          4          0          0          0      26027   cmsis_os.o
         0          0          0          0          0      20164   event_groups.o
       764        178        144         40       1704       8547   freertos.o
       188         16          0          0          0       1051   gpio.o
       472         24          0         32      15360       5071   heap_4.o
       168         26          0          0         84       1805   i2c.o
        44          8          0          0         12        787   iwdg.o
       138          0          0          0          0       3750   list.o
       214          8          0          0          0     483880   main.o
       786         82          0         12          0      12237   port.o
      1568         20          0          0         64      18838   queue.o
       188         16          0          0         32       1819   rtc.o
       192         22          0          0         88       1821   spi.o
        64         26        408          0       4096        876   startup_stm32f411xe.o
        80         14          0         12          0       8134   stm32f4xx_hal.o
       420        196          0          0          0      33358   stm32f4xx_hal_cortex.o
       182          0          0          0          0       2195   stm32f4xx_hal_dma.o
       796        158          0          0          0       2408   stm32f4xx_hal_gpio.o
       648         88          0          0          0       3367   stm32f4xx_hal_i2c.o
       236         66          0          0          0       2019   stm32f4xx_hal_iwdg.o
        56          4          0          0          0        930   stm32f4xx_hal_msp.o
      2008        198          0          0          0       6317   stm32f4xx_hal_rcc.o
       804        206          0          0          0       1512   stm32f4xx_hal_rcc_ex.o
      1462        192          0          0          0       7105   stm32f4xx_hal_rtc.o
       878         84          0          0          0       3704   stm32f4xx_hal_spi.o
      1058        198          0          0          0       7798   stm32f4xx_hal_tim.o
         4          0          0          0          0       1725   stm32f4xx_hal_tim_ex.o
       152         18          0          0         72       1575   stm32f4xx_hal_timebase_tim.o
      1766        152          0          0          0      10555   stm32f4xx_hal_uart.o
        60         24          0          0          0       4969   stm32f4xx_it.o
        16          4         24          4          0       1223   system_stm32f4xx.o
      2104        160          0         60        240      27552   tasks.o
      1128         80          0         20        232      33631   timers.o
       482         48          0         24        768       6051   uart.o
       308         34          0          0        144       2831   usart.o

    ----------------------------------------------------------------------
     22532       2550        608        216      22896     772983   Object Totals
         0          0         32          0          0          0   (incl. Generated)
        34          0          0          0          0          0   (incl. Padding)

    ----------------------------------------------------------------------

      Code (inc. data)   RO Data    RW Data    ZI Data      Debug   Library Member Name

         8          0          0          0          0         68   __main.o
       312          4         17          0          0         92   __printf_flags_wp.o
        14          0          0          0          0         68   __printf_wp.o
         0          0          0          0          0          0   __rtentry.o
        12          0          0          0          0          0   __rtentry2.o
         6          0          0          0          0          0   __rtentry4.o
        52          8          0          0          0          0   __scatter.o
        26          0          0          0          0          0   __scatter_copy.o
        28          0          0          0          0          0   __scatter_zi.o
        48          6          0          0          0         96   _printf_char_common.o
         6          0          0          0          0          0   _printf_d.o
       120         16          0          0          0         92   _printf_dec.o
         6          0          0          0          0          0   _printf_e.o
         6          0          0          0          0          0   _printf_f.o
      1054          0          0          0          0        216   _printf_fp_dec.o
       128         16          0          0          0         84   _printf_fp_infnan.o
        88          4         40          0          0         88   _printf_hex_int.o
       178          0          0          0          0         88   _printf_intcommon.o
        78          0          0          0          0        108   _printf_pad.o
         0          0          0          0          0          0   _printf_percent.o
         4          0          0          0          0          0   _printf_percent_end.o
         6          0          0          0          0          0   _printf_x.o
        16          0          0          0          0         68   _snputc.o
        10          0          0          0          0         68   _sputc.o
       228          4        148          0          0         96   bigflt0.o
      1936        128          0          0          0        672   btod.o
        10          0          0          0          0         68   defsig_exit.o
        50          0          0          0          0         88   defsig_general.o
        80         58          0          0          0         76   defsig_rtmem_inner.o
        14          0          0          0          0         80   defsig_rtmem_outer.o
        18          0          0          0          0         80   exit.o
        94          0          0          0          0         80   h1_alloc.o
        52          0          0          0          0         68   h1_extend.o
        78          0          0          0          0         80   h1_free.o
        14          0          0          0          0         84   h1_init.o
         6          0          0          0          0        152   heapauxi.o
         4          0          0          0          0        136   hguard.o
         0          0          0          0          0          0   indicate_semi.o
       138          0          0          0          0        168   init_alloc.o
        44         10         28          0          0         76   lc_numeric_c.o
         2          0          0          0          0          0   libinit.o
        30          0          0          0          0          0   libinit2.o
         2          0          0          0          0          0   libshutdown.o
         2          0          0          0          0          0   libshutdown2.o
         8          4          0          0         96         68   libspace.o
       138          0          0          0          0         80   lludiv10.o
       238          0          0          0          0        100   lludivv7m.o
         0          0          0          0          0          0   maybetermalloc1.o
        52          4          0          0          0         84   noretval__2snprintf.o
        40          6          0          0          0         84   noretval__2sprintf.o
         8          4          0          0          0         68   rt_heap_descriptor_intlibspace.o
         8          4          0          0          0         68   rt_locale_intlibspace.o
        68          0          0          0          0         68   rt_memclr.o
        78          0          0          0          0         80   rt_memclr_w.o
       138          0          0          0          0         68   rt_memcpy_v6.o
       100          0          0          0          0         80   rt_memcpy_w.o
         2          0          0          0          0          0   rtexit.o
        10          0          0          0          0          0   rtexit2.o
        20          0          0          0          0         68   strchr.o
       128          0          0          0          0         68   strcmpv7m.o
        72          0          0          0          0         80   strcpy.o
        62          0          0          0          0         76   strlen.o
        12          4          0          0          0         68   sys_exit.o
        74          0          0          0          0         80   sys_stackheap_outer.o
        14          0          0          0          0         76   sys_wrch.o
         2          0          0          0          0         68   use_no_semi.o
       826         16          0          0          0        492   daddsub_clz.o
        24          0          0          0          0        116   dcmpi.o
       120          4          0          0          0        140   deqf.o
        46          0          0          0          0        116   dflt_clz.o
       120          4          0          0          0        140   dleqf.o
       156          4          0          0          0        140   dnaninf.o
        12          0          0          0          0        116   dretinf.o
       108          0          0          0          0        128   drleqf.o
        86          4          0          0          0        132   f2d.o
       140          4          0          0          0        132   fnaninf.o
        10          0          0          0          0        116   fpinit.o
         4          0          0          0          0        116   printf1.o
         0          0          0          0          0          0   usenofp.o
        20          0          0          0          0        124   fabs.o
       280         28          0          0          0        156   floor.o
        48          0          0          0          0        124   fpclassify.o

    ----------------------------------------------------------------------
      8304        344        236          0         96       6860   Library Totals
        24          0          3          0          0          0   (incl. Padding)

    ----------------------------------------------------------------------

      Code (inc. data)   RO Data    RW Data    ZI Data      Debug   Library Name

      6280        280        233          0         96       4572   c_w.l
      1652         36          0          0          0       1884   fz_wm.l
       348         28          0          0          0        404   m_wm.l

    ----------------------------------------------------------------------
      8304        344        236          0         96       6860   Library Totals

    ----------------------------------------------------------------------

==============================================================================


      Code (inc. data)   RO Data    RW Data    ZI Data      Debug   

     30836       2894        844        216      22992     757691   Grand Totals
     30836       2894        844        216      22992     757691   ELF Image Totals
     30836       2894        844        216          0          0   ROM Totals

==============================================================================

    Total RO  Size (Code + RO Data)                31680 (  30.94kB)
    Total RW  Size (RW Data + ZI Data)             23208 (  22.66kB)
    Total ROM Size (Code + RO Data + RW Data)      31896 (  31.15kB)

==============================================================================

